<!doctype html public "-//w3c//dtd html 4.0 transitional//en">
<html><head>
<title>Static Call Graph - [.\Objects\SysClock.axf]</title></head>
<body><HR>
<H1>Static Call Graph for image .\Objects\SysClock.axf</H1><HR>
<BR><P>#&#060CALLGRAPH&#062# ARM Linker, 5060960: Last Updated: Mon Oct 18 10:25:03 2021
<BR><P>
<H3>Maximum Stack Usage =        128 bytes + Unknown(Functions without stacksize, Cycles, Untraceable Function Pointers)</H3><H3>
Call chain for Maximum Stack Depth:</H3>
TIM3_IRQHandler &rArr; I2C1_Mem_Write &rArr; malloc &rArr; __Heap_Full &rArr; __Heap_ProvideMemory &rArr; free
<P>
<H3>
Functions with no stack information
</H3><UL>
 <LI><a href="#[2c]">__user_initial_stackheap</a>
</UL>
</UL>
<P>
<H3>
Mutually Recursive functions
</H3> <LI><a href="#[f]">NMI_Handler</a>&nbsp;&nbsp;&nbsp;&rArr;&nbsp;&nbsp;&nbsp;<a href="#[f]">NMI_Handler</a><BR>
 <LI><a href="#[10]">HardFault_Handler</a>&nbsp;&nbsp;&nbsp;&rArr;&nbsp;&nbsp;&nbsp;<a href="#[10]">HardFault_Handler</a><BR>
 <LI><a href="#[11]">SVC_Handler</a>&nbsp;&nbsp;&nbsp;&rArr;&nbsp;&nbsp;&nbsp;<a href="#[11]">SVC_Handler</a><BR>
 <LI><a href="#[12]">PendSV_Handler</a>&nbsp;&nbsp;&nbsp;&rArr;&nbsp;&nbsp;&nbsp;<a href="#[12]">PendSV_Handler</a><BR>
 <LI><a href="#[13]">SysTick_Handler</a>&nbsp;&nbsp;&nbsp;&rArr;&nbsp;&nbsp;&nbsp;<a href="#[13]">SysTick_Handler</a><BR>
 <LI><a href="#[1e]">ADC1_IRQHandler</a>&nbsp;&nbsp;&nbsp;&rArr;&nbsp;&nbsp;&nbsp;<a href="#[1e]">ADC1_IRQHandler</a><BR>
</UL>
<P>
<H3>
Function Pointers
</H3><UL>
 <LI><a href="#[1e]">ADC1_IRQHandler</a> from startup_stm32f030x6_1.o(.text) referenced from startup_stm32f030x6_1.o(RESET)
 <LI><a href="#[1b]">DMA1_Channel1_IRQHandler</a> from startup_stm32f030x6_1.o(.text) referenced from startup_stm32f030x6_1.o(RESET)
 <LI><a href="#[1c]">DMA1_Channel2_3_IRQHandler</a> from startup_stm32f030x6_1.o(.text) referenced from startup_stm32f030x6_1.o(RESET)
 <LI><a href="#[1d]">DMA1_Channel4_5_IRQHandler</a> from startup_stm32f030x6_1.o(.text) referenced from startup_stm32f030x6_1.o(RESET)
 <LI><a href="#[18]">EXTI0_1_IRQHandler</a> from startup_stm32f030x6_1.o(.text) referenced from startup_stm32f030x6_1.o(RESET)
 <LI><a href="#[19]">EXTI2_3_IRQHandler</a> from startup_stm32f030x6_1.o(.text) referenced from startup_stm32f030x6_1.o(RESET)
 <LI><a href="#[1a]">EXTI4_15_IRQHandler</a> from main.o(i.EXTI4_15_IRQHandler) referenced from startup_stm32f030x6_1.o(RESET)
 <LI><a href="#[16]">FLASH_IRQHandler</a> from startup_stm32f030x6_1.o(.text) referenced from startup_stm32f030x6_1.o(RESET)
 <LI><a href="#[10]">HardFault_Handler</a> from startup_stm32f030x6_1.o(.text) referenced from startup_stm32f030x6_1.o(RESET)
 <LI><a href="#[25]">I2C1_IRQHandler</a> from startup_stm32f030x6_1.o(.text) referenced from startup_stm32f030x6_1.o(RESET)
 <LI><a href="#[f]">NMI_Handler</a> from startup_stm32f030x6_1.o(.text) referenced from startup_stm32f030x6_1.o(RESET)
 <LI><a href="#[12]">PendSV_Handler</a> from startup_stm32f030x6_1.o(.text) referenced from startup_stm32f030x6_1.o(RESET)
 <LI><a href="#[17]">RCC_IRQHandler</a> from startup_stm32f030x6_1.o(.text) referenced from startup_stm32f030x6_1.o(RESET)
 <LI><a href="#[15]">RTC_IRQHandler</a> from startup_stm32f030x6_1.o(.text) referenced from startup_stm32f030x6_1.o(RESET)
 <LI><a href="#[2a]">Reset_Handler</a> from startup_stm32f030x6_1.o(.text) referenced from startup_stm32f030x6_1.o(RESET)
 <LI><a href="#[26]">SPI1_IRQHandler</a> from startup_stm32f030x6_1.o(.text) referenced from startup_stm32f030x6_1.o(RESET)
 <LI><a href="#[11]">SVC_Handler</a> from startup_stm32f030x6_1.o(.text) referenced from startup_stm32f030x6_1.o(RESET)
 <LI><a href="#[13]">SysTick_Handler</a> from startup_stm32f030x6_1.o(.text) referenced from startup_stm32f030x6_1.o(RESET)
 <LI><a href="#[28]">SystemInit</a> from system_stm32f0xx.o(i.SystemInit) referenced from startup_stm32f030x6_1.o(.text)
 <LI><a href="#[22]">TIM14_IRQHandler</a> from main.o(i.TIM14_IRQHandler) referenced from startup_stm32f030x6_1.o(RESET)
 <LI><a href="#[23]">TIM16_IRQHandler</a> from startup_stm32f030x6_1.o(.text) referenced from startup_stm32f030x6_1.o(RESET)
 <LI><a href="#[24]">TIM17_IRQHandler</a> from startup_stm32f030x6_1.o(.text) referenced from startup_stm32f030x6_1.o(RESET)
 <LI><a href="#[1f]">TIM1_BRK_UP_TRG_COM_IRQHandler</a> from startup_stm32f030x6_1.o(.text) referenced from startup_stm32f030x6_1.o(RESET)
 <LI><a href="#[20]">TIM1_CC_IRQHandler</a> from startup_stm32f030x6_1.o(.text) referenced from startup_stm32f030x6_1.o(RESET)
 <LI><a href="#[21]">TIM3_IRQHandler</a> from main.o(i.TIM3_IRQHandler) referenced from startup_stm32f030x6_1.o(RESET)
 <LI><a href="#[27]">USART1_IRQHandler</a> from startup_stm32f030x6_1.o(.text) referenced from startup_stm32f030x6_1.o(RESET)
 <LI><a href="#[14]">WWDG_IRQHandler</a> from startup_stm32f030x6_1.o(.text) referenced from startup_stm32f030x6_1.o(RESET)
 <LI><a href="#[2b]">__main</a> from __main.o(!!!main) referenced from startup_stm32f030x6_1.o(.text)
</UL>
<P>
<H3>
Global Symbols
</H3>
<P><STRONG><a name="[2b]"></a>__main</STRONG> (Thumb, 8 bytes, Stack size 0 bytes, __main.o(!!!main))
<BR><BR>[Calls]<UL><LI><a href="#[2e]">&gt;&gt;</a>&nbsp;&nbsp;&nbsp;__rt_entry
<LI><a href="#[2d]">&gt;&gt;</a>&nbsp;&nbsp;&nbsp;__scatterload
</UL>

<P><STRONG><a name="[2d]"></a>__scatterload</STRONG> (Thumb, 0 bytes, Stack size unknown bytes, __scatter.o(!!!scatter))
<BR><BR>[Called By]<UL><LI><a href="#[2b]">&gt;&gt;</a>&nbsp;&nbsp;&nbsp;__main
</UL>

<P><STRONG><a name="[2f]"></a>__scatterload_rt2</STRONG> (Thumb, 52 bytes, Stack size unknown bytes, __scatter.o(!!!scatter), UNUSED)
<BR><BR>[Calls]<UL><LI><a href="#[2e]">&gt;&gt;</a>&nbsp;&nbsp;&nbsp;__rt_entry
</UL>

<P><STRONG><a name="[70]"></a>__scatterload_rt2_thumb_only</STRONG> (Thumb, 0 bytes, Stack size unknown bytes, __scatter.o(!!!scatter), UNUSED)

<P><STRONG><a name="[71]"></a>__scatterload_null</STRONG> (Thumb, 0 bytes, Stack size unknown bytes, __scatter.o(!!!scatter), UNUSED)

<P><STRONG><a name="[30]"></a>__scatterload_copy</STRONG> (Thumb, 26 bytes, Stack size unknown bytes, __scatter_copy.o(!!handler_copy), UNUSED)
<BR><BR>[Calls]<UL><LI><a href="#[30]">&gt;&gt;</a>&nbsp;&nbsp;&nbsp;__scatterload_copy
</UL>
<BR>[Called By]<UL><LI><a href="#[30]">&gt;&gt;</a>&nbsp;&nbsp;&nbsp;__scatterload_copy
</UL>

<P><STRONG><a name="[72]"></a>__scatterload_zeroinit</STRONG> (Thumb, 28 bytes, Stack size unknown bytes, __scatter_zi.o(!!handler_zi), UNUSED)

<P><STRONG><a name="[36]"></a>__rt_lib_init</STRONG> (Thumb, 0 bytes, Stack size unknown bytes, libinit.o(.ARM.Collect$$libinit$$00000000))
<BR><BR>[Called By]<UL><LI><a href="#[35]">&gt;&gt;</a>&nbsp;&nbsp;&nbsp;__rt_entry_li
</UL>

<P><STRONG><a name="[73]"></a>__rt_lib_init_fp_1</STRONG> (Thumb, 0 bytes, Stack size unknown bytes, libinit2.o(.ARM.Collect$$libinit$$00000002))

<P><STRONG><a name="[31]"></a>__rt_lib_init_heap_2</STRONG> (Thumb, 0 bytes, Stack size unknown bytes, libinit2.o(.ARM.Collect$$libinit$$00000005))
<BR><BR>[Stack]<UL><LI>Max Depth = 64 + Unknown Stack Size
<LI>Call Chain = __rt_lib_init_heap_2 &rArr; _init_alloc &rArr; __rt_SIGRTMEM &rArr; __rt_SIGRTMEM_inner &rArr; __default_signal_display &rArr; _ttywrch
</UL>
<BR>[Calls]<UL><LI><a href="#[32]">&gt;&gt;</a>&nbsp;&nbsp;&nbsp;_init_alloc
</UL>

<P><STRONG><a name="[74]"></a>__rt_lib_init_preinit_1</STRONG> (Thumb, 0 bytes, Stack size unknown bytes, libinit2.o(.ARM.Collect$$libinit$$00000004))

<P><STRONG><a name="[75]"></a>__rt_lib_init_alloca_1</STRONG> (Thumb, 0 bytes, Stack size unknown bytes, libinit2.o(.ARM.Collect$$libinit$$0000002E))

<P><STRONG><a name="[76]"></a>__rt_lib_init_argv_1</STRONG> (Thumb, 0 bytes, Stack size unknown bytes, libinit2.o(.ARM.Collect$$libinit$$0000002C))

<P><STRONG><a name="[77]"></a>__rt_lib_init_atexit_1</STRONG> (Thumb, 0 bytes, Stack size unknown bytes, libinit2.o(.ARM.Collect$$libinit$$0000001B))

<P><STRONG><a name="[78]"></a>__rt_lib_init_clock_1</STRONG> (Thumb, 0 bytes, Stack size unknown bytes, libinit2.o(.ARM.Collect$$libinit$$00000021))

<P><STRONG><a name="[79]"></a>__rt_lib_init_cpp_1</STRONG> (Thumb, 0 bytes, Stack size unknown bytes, libinit2.o(.ARM.Collect$$libinit$$00000032))

<P><STRONG><a name="[7a]"></a>__rt_lib_init_exceptions_1</STRONG> (Thumb, 0 bytes, Stack size unknown bytes, libinit2.o(.ARM.Collect$$libinit$$00000030))

<P><STRONG><a name="[7b]"></a>__rt_lib_init_fp_trap_1</STRONG> (Thumb, 0 bytes, Stack size unknown bytes, libinit2.o(.ARM.Collect$$libinit$$0000001F))

<P><STRONG><a name="[7c]"></a>__rt_lib_init_getenv_1</STRONG> (Thumb, 0 bytes, Stack size unknown bytes, libinit2.o(.ARM.Collect$$libinit$$00000023))

<P><STRONG><a name="[7d]"></a>__rt_lib_init_heap_1</STRONG> (Thumb, 0 bytes, Stack size unknown bytes, libinit2.o(.ARM.Collect$$libinit$$0000000A))

<P><STRONG><a name="[7e]"></a>__rt_lib_init_lc_collate_1</STRONG> (Thumb, 0 bytes, Stack size unknown bytes, libinit2.o(.ARM.Collect$$libinit$$00000011))

<P><STRONG><a name="[7f]"></a>__rt_lib_init_lc_ctype_1</STRONG> (Thumb, 0 bytes, Stack size unknown bytes, libinit2.o(.ARM.Collect$$libinit$$00000013))

<P><STRONG><a name="[80]"></a>__rt_lib_init_lc_monetary_1</STRONG> (Thumb, 0 bytes, Stack size unknown bytes, libinit2.o(.ARM.Collect$$libinit$$00000015))

<P><STRONG><a name="[81]"></a>__rt_lib_init_lc_numeric_1</STRONG> (Thumb, 0 bytes, Stack size unknown bytes, libinit2.o(.ARM.Collect$$libinit$$00000017))

<P><STRONG><a name="[82]"></a>__rt_lib_init_lc_time_1</STRONG> (Thumb, 0 bytes, Stack size unknown bytes, libinit2.o(.ARM.Collect$$libinit$$00000019))

<P><STRONG><a name="[83]"></a>__rt_lib_init_rand_1</STRONG> (Thumb, 0 bytes, Stack size unknown bytes, libinit2.o(.ARM.Collect$$libinit$$0000000E))

<P><STRONG><a name="[84]"></a>__rt_lib_init_return</STRONG> (Thumb, 0 bytes, Stack size unknown bytes, libinit2.o(.ARM.Collect$$libinit$$00000033))

<P><STRONG><a name="[85]"></a>__rt_lib_init_signal_1</STRONG> (Thumb, 0 bytes, Stack size unknown bytes, libinit2.o(.ARM.Collect$$libinit$$0000001D))

<P><STRONG><a name="[86]"></a>__rt_lib_init_stdio_1</STRONG> (Thumb, 0 bytes, Stack size unknown bytes, libinit2.o(.ARM.Collect$$libinit$$00000025))

<P><STRONG><a name="[87]"></a>__rt_lib_init_user_alloc_1</STRONG> (Thumb, 0 bytes, Stack size unknown bytes, libinit2.o(.ARM.Collect$$libinit$$0000000C))

<P><STRONG><a name="[3b]"></a>__rt_lib_shutdown</STRONG> (Thumb, 0 bytes, Stack size unknown bytes, libshutdown.o(.ARM.Collect$$libshutdown$$00000000))
<BR><BR>[Called By]<UL><LI><a href="#[3a]">&gt;&gt;</a>&nbsp;&nbsp;&nbsp;__rt_exit_ls
</UL>

<P><STRONG><a name="[88]"></a>__rt_lib_shutdown_cpp_1</STRONG> (Thumb, 0 bytes, Stack size unknown bytes, libshutdown2.o(.ARM.Collect$$libshutdown$$00000004))

<P><STRONG><a name="[89]"></a>__rt_lib_shutdown_fini_1</STRONG> (Thumb, 0 bytes, Stack size unknown bytes, libshutdown2.o(.ARM.Collect$$libshutdown$$00000002))

<P><STRONG><a name="[8a]"></a>__rt_lib_shutdown_fp_trap_1</STRONG> (Thumb, 0 bytes, Stack size unknown bytes, libshutdown2.o(.ARM.Collect$$libshutdown$$00000009))

<P><STRONG><a name="[8b]"></a>__rt_lib_shutdown_heap_1</STRONG> (Thumb, 0 bytes, Stack size unknown bytes, libshutdown2.o(.ARM.Collect$$libshutdown$$00000011))

<P><STRONG><a name="[8c]"></a>__rt_lib_shutdown_return</STRONG> (Thumb, 0 bytes, Stack size unknown bytes, libshutdown2.o(.ARM.Collect$$libshutdown$$00000012))

<P><STRONG><a name="[8d]"></a>__rt_lib_shutdown_signal_1</STRONG> (Thumb, 0 bytes, Stack size unknown bytes, libshutdown2.o(.ARM.Collect$$libshutdown$$0000000C))

<P><STRONG><a name="[8e]"></a>__rt_lib_shutdown_stdio_1</STRONG> (Thumb, 0 bytes, Stack size unknown bytes, libshutdown2.o(.ARM.Collect$$libshutdown$$00000006))

<P><STRONG><a name="[8f]"></a>__rt_lib_shutdown_user_alloc_1</STRONG> (Thumb, 0 bytes, Stack size unknown bytes, libshutdown2.o(.ARM.Collect$$libshutdown$$0000000E))

<P><STRONG><a name="[2e]"></a>__rt_entry</STRONG> (Thumb, 0 bytes, Stack size unknown bytes, __rtentry.o(.ARM.Collect$$rtentry$$00000000))
<BR><BR>[Called By]<UL><LI><a href="#[2b]">&gt;&gt;</a>&nbsp;&nbsp;&nbsp;__main
<LI><a href="#[2f]">&gt;&gt;</a>&nbsp;&nbsp;&nbsp;__scatterload_rt2
</UL>

<P><STRONG><a name="[90]"></a>__rt_entry_presh_1</STRONG> (Thumb, 0 bytes, Stack size unknown bytes, __rtentry2.o(.ARM.Collect$$rtentry$$00000002))

<P><STRONG><a name="[33]"></a>__rt_entry_sh</STRONG> (Thumb, 0 bytes, Stack size unknown bytes, __rtentry4.o(.ARM.Collect$$rtentry$$00000004))
<BR><BR>[Stack]<UL><LI>Max Depth = 8 + Unknown Stack Size
<LI>Call Chain = __rt_entry_sh &rArr; __user_setup_stackheap
</UL>
<BR>[Calls]<UL><LI><a href="#[34]">&gt;&gt;</a>&nbsp;&nbsp;&nbsp;__user_setup_stackheap
</UL>

<P><STRONG><a name="[35]"></a>__rt_entry_li</STRONG> (Thumb, 0 bytes, Stack size unknown bytes, __rtentry2.o(.ARM.Collect$$rtentry$$0000000A))
<BR><BR>[Calls]<UL><LI><a href="#[36]">&gt;&gt;</a>&nbsp;&nbsp;&nbsp;__rt_lib_init
</UL>

<P><STRONG><a name="[91]"></a>__rt_entry_postsh_1</STRONG> (Thumb, 0 bytes, Stack size unknown bytes, __rtentry2.o(.ARM.Collect$$rtentry$$00000009))

<P><STRONG><a name="[37]"></a>__rt_entry_main</STRONG> (Thumb, 0 bytes, Stack size unknown bytes, __rtentry2.o(.ARM.Collect$$rtentry$$0000000D))
<BR><BR>[Stack]<UL><LI>Max Depth = 80 + Unknown Stack Size
<LI>Call Chain = __rt_entry_main &rArr; main &rArr; getTime &rArr; I2C1_Mem_Read &rArr; I2C1_Write
</UL>
<BR>[Calls]<UL><LI><a href="#[38]">&gt;&gt;</a>&nbsp;&nbsp;&nbsp;main
<LI><a href="#[39]">&gt;&gt;</a>&nbsp;&nbsp;&nbsp;exit
</UL>

<P><STRONG><a name="[92]"></a>__rt_entry_postli_1</STRONG> (Thumb, 0 bytes, Stack size unknown bytes, __rtentry2.o(.ARM.Collect$$rtentry$$0000000C))

<P><STRONG><a name="[4c]"></a>__rt_exit</STRONG> (Thumb, 0 bytes, Stack size unknown bytes, rtexit.o(.ARM.Collect$$rtexit$$00000000))
<BR><BR>[Called By]<UL><LI><a href="#[39]">&gt;&gt;</a>&nbsp;&nbsp;&nbsp;exit
</UL>

<P><STRONG><a name="[3a]"></a>__rt_exit_ls</STRONG> (Thumb, 0 bytes, Stack size unknown bytes, rtexit2.o(.ARM.Collect$$rtexit$$00000003))
<BR><BR>[Calls]<UL><LI><a href="#[3b]">&gt;&gt;</a>&nbsp;&nbsp;&nbsp;__rt_lib_shutdown
</UL>

<P><STRONG><a name="[93]"></a>__rt_exit_prels_1</STRONG> (Thumb, 0 bytes, Stack size unknown bytes, rtexit2.o(.ARM.Collect$$rtexit$$00000002))

<P><STRONG><a name="[3c]"></a>__rt_exit_exit</STRONG> (Thumb, 0 bytes, Stack size unknown bytes, rtexit2.o(.ARM.Collect$$rtexit$$00000004))
<BR><BR>[Calls]<UL><LI><a href="#[3d]">&gt;&gt;</a>&nbsp;&nbsp;&nbsp;_sys_exit
</UL>

<P><STRONG><a name="[43]"></a>__aeabi_memcpy4</STRONG> (Thumb, 56 bytes, Stack size 0 bytes, rt_memcpy.o(.emb_text))
<BR><BR>[Called By]<UL><LI><a href="#[42]">&gt;&gt;</a>&nbsp;&nbsp;&nbsp;__aeabi_memcpy
</UL>

<P><STRONG><a name="[94]"></a>__aeabi_memcpy8</STRONG> (Thumb, 0 bytes, Stack size 0 bytes, rt_memcpy.o(.emb_text), UNUSED)

<P><STRONG><a name="[2a]"></a>Reset_Handler</STRONG> (Thumb, 8 bytes, Stack size 0 bytes, startup_stm32f030x6_1.o(.text))

<P><STRONG><a name="[95]"></a>_maybe_terminate_alloc</STRONG> (Thumb, 0 bytes, Stack size 0 bytes, maybetermalloc1.o(.emb_text), UNUSED)

<P><STRONG><a name="[f]"></a>NMI_Handler</STRONG> (Thumb, 2 bytes, Stack size 0 bytes, startup_stm32f030x6_1.o(.text))
<BR><BR>[Calls]<UL><LI><a href="#[f]">&gt;&gt;</a>&nbsp;&nbsp;&nbsp;NMI_Handler
</UL>
<BR>[Called By]<UL><LI><a href="#[f]">&gt;&gt;</a>&nbsp;&nbsp;&nbsp;NMI_Handler
</UL>
<BR>[Address Reference Count : 1]<UL><LI> startup_stm32f030x6_1.o(RESET)
</UL>
<P><STRONG><a name="[10]"></a>HardFault_Handler</STRONG> (Thumb, 2 bytes, Stack size 0 bytes, startup_stm32f030x6_1.o(.text))
<BR><BR>[Calls]<UL><LI><a href="#[10]">&gt;&gt;</a>&nbsp;&nbsp;&nbsp;HardFault_Handler
</UL>
<BR>[Called By]<UL><LI><a href="#[10]">&gt;&gt;</a>&nbsp;&nbsp;&nbsp;HardFault_Handler
</UL>
<BR>[Address Reference Count : 1]<UL><LI> startup_stm32f030x6_1.o(RESET)
</UL>
<P><STRONG><a name="[11]"></a>SVC_Handler</STRONG> (Thumb, 2 bytes, Stack size 0 bytes, startup_stm32f030x6_1.o(.text))
<BR><BR>[Calls]<UL><LI><a href="#[11]">&gt;&gt;</a>&nbsp;&nbsp;&nbsp;SVC_Handler
</UL>
<BR>[Called By]<UL><LI><a href="#[11]">&gt;&gt;</a>&nbsp;&nbsp;&nbsp;SVC_Handler
</UL>
<BR>[Address Reference Count : 1]<UL><LI> startup_stm32f030x6_1.o(RESET)
</UL>
<P><STRONG><a name="[12]"></a>PendSV_Handler</STRONG> (Thumb, 2 bytes, Stack size 0 bytes, startup_stm32f030x6_1.o(.text))
<BR><BR>[Calls]<UL><LI><a href="#[12]">&gt;&gt;</a>&nbsp;&nbsp;&nbsp;PendSV_Handler
</UL>
<BR>[Called By]<UL><LI><a href="#[12]">&gt;&gt;</a>&nbsp;&nbsp;&nbsp;PendSV_Handler
</UL>
<BR>[Address Reference Count : 1]<UL><LI> startup_stm32f030x6_1.o(RESET)
</UL>
<P><STRONG><a name="[13]"></a>SysTick_Handler</STRONG> (Thumb, 2 bytes, Stack size 0 bytes, startup_stm32f030x6_1.o(.text))
<BR><BR>[Calls]<UL><LI><a href="#[13]">&gt;&gt;</a>&nbsp;&nbsp;&nbsp;SysTick_Handler
</UL>
<BR>[Called By]<UL><LI><a href="#[13]">&gt;&gt;</a>&nbsp;&nbsp;&nbsp;SysTick_Handler
</UL>
<BR>[Address Reference Count : 1]<UL><LI> startup_stm32f030x6_1.o(RESET)
</UL>
<P><STRONG><a name="[1e]"></a>ADC1_IRQHandler</STRONG> (Thumb, 0 bytes, Stack size 0 bytes, startup_stm32f030x6_1.o(.text))
<BR><BR>[Calls]<UL><LI><a href="#[1e]">&gt;&gt;</a>&nbsp;&nbsp;&nbsp;ADC1_IRQHandler
</UL>
<BR>[Called By]<UL><LI><a href="#[1e]">&gt;&gt;</a>&nbsp;&nbsp;&nbsp;ADC1_IRQHandler
</UL>
<BR>[Address Reference Count : 1]<UL><LI> startup_stm32f030x6_1.o(RESET)
</UL>
<P><STRONG><a name="[1b]"></a>DMA1_Channel1_IRQHandler</STRONG> (Thumb, 0 bytes, Stack size 0 bytes, startup_stm32f030x6_1.o(.text))
<BR>[Address Reference Count : 1]<UL><LI> startup_stm32f030x6_1.o(RESET)
</UL>
<P><STRONG><a name="[1c]"></a>DMA1_Channel2_3_IRQHandler</STRONG> (Thumb, 0 bytes, Stack size 0 bytes, startup_stm32f030x6_1.o(.text))
<BR>[Address Reference Count : 1]<UL><LI> startup_stm32f030x6_1.o(RESET)
</UL>
<P><STRONG><a name="[1d]"></a>DMA1_Channel4_5_IRQHandler</STRONG> (Thumb, 0 bytes, Stack size 0 bytes, startup_stm32f030x6_1.o(.text))
<BR>[Address Reference Count : 1]<UL><LI> startup_stm32f030x6_1.o(RESET)
</UL>
<P><STRONG><a name="[18]"></a>EXTI0_1_IRQHandler</STRONG> (Thumb, 0 bytes, Stack size 0 bytes, startup_stm32f030x6_1.o(.text))
<BR>[Address Reference Count : 1]<UL><LI> startup_stm32f030x6_1.o(RESET)
</UL>
<P><STRONG><a name="[19]"></a>EXTI2_3_IRQHandler</STRONG> (Thumb, 0 bytes, Stack size 0 bytes, startup_stm32f030x6_1.o(.text))
<BR>[Address Reference Count : 1]<UL><LI> startup_stm32f030x6_1.o(RESET)
</UL>
<P><STRONG><a name="[16]"></a>FLASH_IRQHandler</STRONG> (Thumb, 0 bytes, Stack size 0 bytes, startup_stm32f030x6_1.o(.text))
<BR>[Address Reference Count : 1]<UL><LI> startup_stm32f030x6_1.o(RESET)
</UL>
<P><STRONG><a name="[25]"></a>I2C1_IRQHandler</STRONG> (Thumb, 0 bytes, Stack size 0 bytes, startup_stm32f030x6_1.o(.text))
<BR>[Address Reference Count : 1]<UL><LI> startup_stm32f030x6_1.o(RESET)
</UL>
<P><STRONG><a name="[17]"></a>RCC_IRQHandler</STRONG> (Thumb, 0 bytes, Stack size 0 bytes, startup_stm32f030x6_1.o(.text))
<BR>[Address Reference Count : 1]<UL><LI> startup_stm32f030x6_1.o(RESET)
</UL>
<P><STRONG><a name="[15]"></a>RTC_IRQHandler</STRONG> (Thumb, 0 bytes, Stack size 0 bytes, startup_stm32f030x6_1.o(.text))
<BR>[Address Reference Count : 1]<UL><LI> startup_stm32f030x6_1.o(RESET)
</UL>
<P><STRONG><a name="[26]"></a>SPI1_IRQHandler</STRONG> (Thumb, 0 bytes, Stack size 0 bytes, startup_stm32f030x6_1.o(.text))
<BR>[Address Reference Count : 1]<UL><LI> startup_stm32f030x6_1.o(RESET)
</UL>
<P><STRONG><a name="[23]"></a>TIM16_IRQHandler</STRONG> (Thumb, 0 bytes, Stack size 0 bytes, startup_stm32f030x6_1.o(.text))
<BR>[Address Reference Count : 1]<UL><LI> startup_stm32f030x6_1.o(RESET)
</UL>
<P><STRONG><a name="[24]"></a>TIM17_IRQHandler</STRONG> (Thumb, 0 bytes, Stack size 0 bytes, startup_stm32f030x6_1.o(.text))
<BR>[Address Reference Count : 1]<UL><LI> startup_stm32f030x6_1.o(RESET)
</UL>
<P><STRONG><a name="[1f]"></a>TIM1_BRK_UP_TRG_COM_IRQHandler</STRONG> (Thumb, 0 bytes, Stack size 0 bytes, startup_stm32f030x6_1.o(.text))
<BR>[Address Reference Count : 1]<UL><LI> startup_stm32f030x6_1.o(RESET)
</UL>
<P><STRONG><a name="[20]"></a>TIM1_CC_IRQHandler</STRONG> (Thumb, 0 bytes, Stack size 0 bytes, startup_stm32f030x6_1.o(.text))
<BR>[Address Reference Count : 1]<UL><LI> startup_stm32f030x6_1.o(RESET)
</UL>
<P><STRONG><a name="[27]"></a>USART1_IRQHandler</STRONG> (Thumb, 0 bytes, Stack size 0 bytes, startup_stm32f030x6_1.o(.text))
<BR>[Address Reference Count : 1]<UL><LI> startup_stm32f030x6_1.o(RESET)
</UL>
<P><STRONG><a name="[14]"></a>WWDG_IRQHandler</STRONG> (Thumb, 0 bytes, Stack size 0 bytes, startup_stm32f030x6_1.o(.text))
<BR>[Address Reference Count : 1]<UL><LI> startup_stm32f030x6_1.o(RESET)
</UL>
<P><STRONG><a name="[2c]"></a>__user_initial_stackheap</STRONG> (Thumb, 0 bytes, Stack size unknown bytes, startup_stm32f030x6_1.o(.text))
<BR><BR>[Called By]<UL><LI><a href="#[34]">&gt;&gt;</a>&nbsp;&nbsp;&nbsp;__user_setup_stackheap
</UL>

<P><STRONG><a name="[3e]"></a>malloc</STRONG> (Thumb, 98 bytes, Stack size 16 bytes, h1_alloc.o(.text))
<BR><BR>[Stack]<UL><LI>Max Depth = 56<LI>Call Chain = malloc &rArr; __Heap_Full &rArr; __Heap_ProvideMemory &rArr; free
</UL>
<BR>[Calls]<UL><LI><a href="#[40]">&gt;&gt;</a>&nbsp;&nbsp;&nbsp;__Heap_Full
<LI><a href="#[3f]">&gt;&gt;</a>&nbsp;&nbsp;&nbsp;__rt_heap_descriptor
</UL>
<BR>[Called By]<UL><LI><a href="#[5e]">&gt;&gt;</a>&nbsp;&nbsp;&nbsp;I2C1_Mem_Write
</UL>

<P><STRONG><a name="[41]"></a>free</STRONG> (Thumb, 76 bytes, Stack size 16 bytes, h1_free.o(.text))
<BR><BR>[Stack]<UL><LI>Max Depth = 16<LI>Call Chain = free
</UL>
<BR>[Calls]<UL><LI><a href="#[3f]">&gt;&gt;</a>&nbsp;&nbsp;&nbsp;__rt_heap_descriptor
</UL>
<BR>[Called By]<UL><LI><a href="#[44]">&gt;&gt;</a>&nbsp;&nbsp;&nbsp;__Heap_ProvideMemory
<LI><a href="#[5e]">&gt;&gt;</a>&nbsp;&nbsp;&nbsp;I2C1_Mem_Write
</UL>

<P><STRONG><a name="[42]"></a>__aeabi_memcpy</STRONG> (Thumb, 130 bytes, Stack size 24 bytes, rt_memcpy.o(.text))
<BR><BR>[Stack]<UL><LI>Max Depth = 24<LI>Call Chain = __aeabi_memcpy
</UL>
<BR>[Calls]<UL><LI><a href="#[43]">&gt;&gt;</a>&nbsp;&nbsp;&nbsp;__aeabi_memcpy4
</UL>
<BR>[Called By]<UL><LI><a href="#[38]">&gt;&gt;</a>&nbsp;&nbsp;&nbsp;main
<LI><a href="#[21]">&gt;&gt;</a>&nbsp;&nbsp;&nbsp;TIM3_IRQHandler
</UL>

<P><STRONG><a name="[96]"></a>__rt_memcpy</STRONG> (Thumb, 0 bytes, Stack size 24 bytes, rt_memcpy.o(.text), UNUSED)

<P><STRONG><a name="[97]"></a>__aeabi_uidiv</STRONG> (Thumb, 0 bytes, Stack size 0 bytes, aeabi_sdiv.o(.text), UNUSED)

<P><STRONG><a name="[98]"></a>__aeabi_uidivmod</STRONG> (Thumb, 20 bytes, Stack size 0 bytes, aeabi_sdiv.o(.text), UNUSED)

<P><STRONG><a name="[99]"></a>__aeabi_idiv</STRONG> (Thumb, 0 bytes, Stack size 8 bytes, aeabi_sdiv.o(.text), UNUSED)

<P><STRONG><a name="[64]"></a>__aeabi_idivmod</STRONG> (Thumb, 326 bytes, Stack size 8 bytes, aeabi_sdiv.o(.text))
<BR><BR>[Stack]<UL><LI>Max Depth = 8<LI>Call Chain = __aeabi_idivmod
</UL>
<BR>[Called By]<UL><LI><a href="#[61]">&gt;&gt;</a>&nbsp;&nbsp;&nbsp;dec2bcd
</UL>

<P><STRONG><a name="[9a]"></a>__use_two_region_memory</STRONG> (Thumb, 2 bytes, Stack size 0 bytes, heapauxi.o(.text), UNUSED)

<P><STRONG><a name="[5]"></a>__rt_heap_escrow</STRONG> (Thumb, 2 bytes, Stack size 0 bytes, heapauxi.o(.text), UNUSED)

<P><STRONG><a name="[4]"></a>__rt_heap_expand</STRONG> (Thumb, 2 bytes, Stack size 0 bytes, heapauxi.o(.text), UNUSED)

<P><STRONG><a name="[3f]"></a>__rt_heap_descriptor</STRONG> (Thumb, 8 bytes, Stack size 0 bytes, rt_heap_descriptor_intlibspace.o(.text))
<BR><BR>[Called By]<UL><LI><a href="#[32]">&gt;&gt;</a>&nbsp;&nbsp;&nbsp;_init_alloc
<LI><a href="#[41]">&gt;&gt;</a>&nbsp;&nbsp;&nbsp;free
<LI><a href="#[3e]">&gt;&gt;</a>&nbsp;&nbsp;&nbsp;malloc
</UL>

<P><STRONG><a name="[9b]"></a>__use_no_heap</STRONG> (Thumb, 2 bytes, Stack size 0 bytes, hguard.o(.text), UNUSED)

<P><STRONG><a name="[9c]"></a>__heap$guard</STRONG> (Thumb, 2 bytes, Stack size 0 bytes, hguard.o(.text), UNUSED)

<P><STRONG><a name="[c]"></a>_terminate_user_alloc</STRONG> (Thumb, 2 bytes, Stack size 0 bytes, init_alloc.o(.text), UNUSED)

<P><STRONG><a name="[8]"></a>_init_user_alloc</STRONG> (Thumb, 2 bytes, Stack size 0 bytes, init_alloc.o(.text), UNUSED)

<P><STRONG><a name="[40]"></a>__Heap_Full</STRONG> (Thumb, 32 bytes, Stack size 16 bytes, init_alloc.o(.text))
<BR><BR>[Stack]<UL><LI>Max Depth = 40<LI>Call Chain = __Heap_Full &rArr; __Heap_ProvideMemory &rArr; free
</UL>
<BR>[Calls]<UL><LI><a href="#[44]">&gt;&gt;</a>&nbsp;&nbsp;&nbsp;__Heap_ProvideMemory
</UL>
<BR>[Called By]<UL><LI><a href="#[3e]">&gt;&gt;</a>&nbsp;&nbsp;&nbsp;malloc
</UL>

<P><STRONG><a name="[45]"></a>__Heap_Broken</STRONG> (Thumb, 10 bytes, Stack size 8 bytes, init_alloc.o(.text), UNUSED)
<BR><BR>[Calls]<UL><LI><a href="#[46]">&gt;&gt;</a>&nbsp;&nbsp;&nbsp;__rt_SIGRTMEM
</UL>

<P><STRONG><a name="[32]"></a>_init_alloc</STRONG> (Thumb, 90 bytes, Stack size 24 bytes, init_alloc.o(.text))
<BR><BR>[Stack]<UL><LI>Max Depth = 64<LI>Call Chain = _init_alloc &rArr; __rt_SIGRTMEM &rArr; __rt_SIGRTMEM_inner &rArr; __default_signal_display &rArr; _ttywrch
</UL>
<BR>[Calls]<UL><LI><a href="#[46]">&gt;&gt;</a>&nbsp;&nbsp;&nbsp;__rt_SIGRTMEM
<LI><a href="#[44]">&gt;&gt;</a>&nbsp;&nbsp;&nbsp;__Heap_ProvideMemory
<LI><a href="#[47]">&gt;&gt;</a>&nbsp;&nbsp;&nbsp;__Heap_Initialize
<LI><a href="#[3f]">&gt;&gt;</a>&nbsp;&nbsp;&nbsp;__rt_heap_descriptor
</UL>
<BR>[Called By]<UL><LI><a href="#[31]">&gt;&gt;</a>&nbsp;&nbsp;&nbsp;__rt_lib_init_heap_2
</UL>

<P><STRONG><a name="[47]"></a>__Heap_Initialize</STRONG> (Thumb, 10 bytes, Stack size 0 bytes, h1_init.o(.text))
<BR><BR>[Called By]<UL><LI><a href="#[32]">&gt;&gt;</a>&nbsp;&nbsp;&nbsp;_init_alloc
</UL>

<P><STRONG><a name="[6]"></a>__Heap_DescSize</STRONG> (Thumb, 4 bytes, Stack size 0 bytes, h1_init.o(.text), UNUSED)

<P><STRONG><a name="[9d]"></a>__user_libspace</STRONG> (Thumb, 8 bytes, Stack size 0 bytes, libspace.o(.text), UNUSED)

<P><STRONG><a name="[4a]"></a>__user_perproc_libspace</STRONG> (Thumb, 0 bytes, Stack size 0 bytes, libspace.o(.text))
<BR><BR>[Called By]<UL><LI><a href="#[34]">&gt;&gt;</a>&nbsp;&nbsp;&nbsp;__user_setup_stackheap
</UL>

<P><STRONG><a name="[9e]"></a>__user_perthread_libspace</STRONG> (Thumb, 0 bytes, Stack size 0 bytes, libspace.o(.text), UNUSED)

<P><STRONG><a name="[44]"></a>__Heap_ProvideMemory</STRONG> (Thumb, 52 bytes, Stack size 8 bytes, h1_extend.o(.text))
<BR><BR>[Stack]<UL><LI>Max Depth = 24<LI>Call Chain = __Heap_ProvideMemory &rArr; free
</UL>
<BR>[Calls]<UL><LI><a href="#[41]">&gt;&gt;</a>&nbsp;&nbsp;&nbsp;free
</UL>
<BR>[Called By]<UL><LI><a href="#[32]">&gt;&gt;</a>&nbsp;&nbsp;&nbsp;_init_alloc
<LI><a href="#[40]">&gt;&gt;</a>&nbsp;&nbsp;&nbsp;__Heap_Full
</UL>

<P><STRONG><a name="[46]"></a>__rt_SIGRTMEM</STRONG> (Thumb, 12 bytes, Stack size 8 bytes, defsig_rtmem_outer.o(.text))
<BR><BR>[Stack]<UL><LI>Max Depth = 40<LI>Call Chain = __rt_SIGRTMEM &rArr; __rt_SIGRTMEM_inner &rArr; __default_signal_display &rArr; _ttywrch
</UL>
<BR>[Calls]<UL><LI><a href="#[48]">&gt;&gt;</a>&nbsp;&nbsp;&nbsp;__rt_SIGRTMEM_inner
<LI><a href="#[49]">&gt;&gt;</a>&nbsp;&nbsp;&nbsp;__sig_exit
</UL>
<BR>[Called By]<UL><LI><a href="#[32]">&gt;&gt;</a>&nbsp;&nbsp;&nbsp;_init_alloc
<LI><a href="#[45]">&gt;&gt;</a>&nbsp;&nbsp;&nbsp;__Heap_Broken
</UL>

<P><STRONG><a name="[9f]"></a>__I$use$semihosting</STRONG> (Thumb, 0 bytes, Stack size 0 bytes, use_no_semi.o(.text), UNUSED)

<P><STRONG><a name="[a0]"></a>__use_no_semihosting_swi</STRONG> (Thumb, 2 bytes, Stack size 0 bytes, use_no_semi.o(.text), UNUSED)

<P><STRONG><a name="[a1]"></a>__semihosting_library_function</STRONG> (Thumb, 0 bytes, Stack size 8 bytes, indicate_semi.o(.text), UNUSED)

<P><STRONG><a name="[34]"></a>__user_setup_stackheap</STRONG> (Thumb, 62 bytes, Stack size 8 bytes, sys_stackheap_outer.o(.text))
<BR><BR>[Stack]<UL><LI>Max Depth = 8 + Unknown Stack Size
<LI>Call Chain = __user_setup_stackheap
</UL>
<BR>[Calls]<UL><LI><a href="#[4a]">&gt;&gt;</a>&nbsp;&nbsp;&nbsp;__user_perproc_libspace
<LI><a href="#[2c]">&gt;&gt;</a>&nbsp;&nbsp;&nbsp;__user_initial_stackheap
</UL>
<BR>[Called By]<UL><LI><a href="#[33]">&gt;&gt;</a>&nbsp;&nbsp;&nbsp;__rt_entry_sh
</UL>

<P><STRONG><a name="[39]"></a>exit</STRONG> (Thumb, 16 bytes, Stack size 8 bytes, exit.o(.text))
<BR><BR>[Stack]<UL><LI>Max Depth = 8 + Unknown Stack Size
<LI>Call Chain = exit
</UL>
<BR>[Calls]<UL><LI><a href="#[4c]">&gt;&gt;</a>&nbsp;&nbsp;&nbsp;__rt_exit
<LI><a href="#[4b]">&gt;&gt;</a>&nbsp;&nbsp;&nbsp;_call_atexit_fns (Weak Reference)
</UL>
<BR>[Called By]<UL><LI><a href="#[37]">&gt;&gt;</a>&nbsp;&nbsp;&nbsp;__rt_entry_main
</UL>

<P><STRONG><a name="[49]"></a>__sig_exit</STRONG> (Thumb, 12 bytes, Stack size 8 bytes, defsig_exit.o(.text))
<BR><BR>[Stack]<UL><LI>Max Depth = 8<LI>Call Chain = __sig_exit
</UL>
<BR>[Calls]<UL><LI><a href="#[3d]">&gt;&gt;</a>&nbsp;&nbsp;&nbsp;_sys_exit
</UL>
<BR>[Called By]<UL><LI><a href="#[46]">&gt;&gt;</a>&nbsp;&nbsp;&nbsp;__rt_SIGRTMEM
</UL>

<P><STRONG><a name="[48]"></a>__rt_SIGRTMEM_inner</STRONG> (Thumb, 22 bytes, Stack size 8 bytes, defsig_rtmem_inner.o(.text))
<BR><BR>[Stack]<UL><LI>Max Depth = 32<LI>Call Chain = __rt_SIGRTMEM_inner &rArr; __default_signal_display &rArr; _ttywrch
</UL>
<BR>[Calls]<UL><LI><a href="#[4d]">&gt;&gt;</a>&nbsp;&nbsp;&nbsp;__default_signal_display
</UL>
<BR>[Called By]<UL><LI><a href="#[46]">&gt;&gt;</a>&nbsp;&nbsp;&nbsp;__rt_SIGRTMEM
</UL>

<P><STRONG><a name="[3d]"></a>_sys_exit</STRONG> (Thumb, 8 bytes, Stack size 0 bytes, sys_exit.o(.text))
<BR><BR>[Called By]<UL><LI><a href="#[3c]">&gt;&gt;</a>&nbsp;&nbsp;&nbsp;__rt_exit_exit
<LI><a href="#[49]">&gt;&gt;</a>&nbsp;&nbsp;&nbsp;__sig_exit
</UL>

<P><STRONG><a name="[4d]"></a>__default_signal_display</STRONG> (Thumb, 52 bytes, Stack size 16 bytes, defsig_general.o(.text))
<BR><BR>[Stack]<UL><LI>Max Depth = 24<LI>Call Chain = __default_signal_display &rArr; _ttywrch
</UL>
<BR>[Calls]<UL><LI><a href="#[4e]">&gt;&gt;</a>&nbsp;&nbsp;&nbsp;_ttywrch
</UL>
<BR>[Called By]<UL><LI><a href="#[48]">&gt;&gt;</a>&nbsp;&nbsp;&nbsp;__rt_SIGRTMEM_inner
</UL>

<P><STRONG><a name="[4e]"></a>_ttywrch</STRONG> (Thumb, 12 bytes, Stack size 8 bytes, sys_wrch.o(.text))
<BR><BR>[Stack]<UL><LI>Max Depth = 8<LI>Call Chain = _ttywrch
</UL>
<BR>[Called By]<UL><LI><a href="#[4d]">&gt;&gt;</a>&nbsp;&nbsp;&nbsp;__default_signal_display
</UL>

<P><STRONG><a name="[4f]"></a>Calib_brightness</STRONG> (Thumb, 34 bytes, Stack size 16 bytes, main.o(i.Calib_brightness))
<BR><BR>[Stack]<UL><LI>Max Depth = 36<LI>Call Chain = Calib_brightness &rArr; max_set_brightness &rArr; write_max_cmd
</UL>
<BR>[Calls]<UL><LI><a href="#[50]">&gt;&gt;</a>&nbsp;&nbsp;&nbsp;max_set_brightness
</UL>
<BR>[Called By]<UL><LI><a href="#[38]">&gt;&gt;</a>&nbsp;&nbsp;&nbsp;main
<LI><a href="#[21]">&gt;&gt;</a>&nbsp;&nbsp;&nbsp;TIM3_IRQHandler
</UL>

<P><STRONG><a name="[51]"></a>Display_temp</STRONG> (Thumb, 76 bytes, Stack size 16 bytes, main.o(i.Display_temp))
<BR><BR>[Stack]<UL><LI>Max Depth = 28<LI>Call Chain = Display_temp &rArr; write_data
</UL>
<BR>[Calls]<UL><LI><a href="#[52]">&gt;&gt;</a>&nbsp;&nbsp;&nbsp;write_data
</UL>
<BR>[Called By]<UL><LI><a href="#[21]">&gt;&gt;</a>&nbsp;&nbsp;&nbsp;TIM3_IRQHandler
</UL>

<P><STRONG><a name="[1a]"></a>EXTI4_15_IRQHandler</STRONG> (Thumb, 234 bytes, Stack size 8 bytes, main.o(i.EXTI4_15_IRQHandler))
<BR><BR>[Stack]<UL><LI>Max Depth = 120<LI>Call Chain = EXTI4_15_IRQHandler &rArr; setTime &rArr; I2C1_Mem_Write &rArr; malloc &rArr; __Heap_Full &rArr; __Heap_ProvideMemory &rArr; free
</UL>
<BR>[Calls]<UL><LI><a href="#[54]">&gt;&gt;</a>&nbsp;&nbsp;&nbsp;setTime
<LI><a href="#[53]">&gt;&gt;</a>&nbsp;&nbsp;&nbsp;Set_SLEEPONEXIT
</UL>
<BR>[Address Reference Count : 1]<UL><LI> startup_stm32f030x6_1.o(RESET)
</UL>
<P><STRONG><a name="[55]"></a>ExtiConfig</STRONG> (Thumb, 74 bytes, Stack size 8 bytes, main.o(i.ExtiConfig))
<BR><BR>[Stack]<UL><LI>Max Depth = 16<LI>Call Chain = ExtiConfig &rArr; __NVIC_SetPriority
</UL>
<BR>[Calls]<UL><LI><a href="#[56]">&gt;&gt;</a>&nbsp;&nbsp;&nbsp;__NVIC_SetPriority
<LI><a href="#[57]">&gt;&gt;</a>&nbsp;&nbsp;&nbsp;__NVIC_EnableIRQ
</UL>
<BR>[Called By]<UL><LI><a href="#[38]">&gt;&gt;</a>&nbsp;&nbsp;&nbsp;main
</UL>

<P><STRONG><a name="[66]"></a>GPIOConfig</STRONG> (Thumb, 78 bytes, Stack size 0 bytes, main.o(i.GPIOConfig))
<BR><BR>[Called By]<UL><LI><a href="#[38]">&gt;&gt;</a>&nbsp;&nbsp;&nbsp;main
</UL>

<P><STRONG><a name="[67]"></a>I2C1_Config</STRONG> (Thumb, 232 bytes, Stack size 0 bytes, i2c1_f0.o(i.I2C1_Config))
<BR><BR>[Called By]<UL><LI><a href="#[38]">&gt;&gt;</a>&nbsp;&nbsp;&nbsp;main
</UL>

<P><STRONG><a name="[58]"></a>I2C1_Mem_Read</STRONG> (Thumb, 274 bytes, Stack size 32 bytes, i2c1_f0.o(i.I2C1_Mem_Read))
<BR><BR>[Stack]<UL><LI>Max Depth = 40<LI>Call Chain = I2C1_Mem_Read &rArr; I2C1_Write
</UL>
<BR>[Calls]<UL><LI><a href="#[5b]">&gt;&gt;</a>&nbsp;&nbsp;&nbsp;I2C1_Write
<LI><a href="#[5d]">&gt;&gt;</a>&nbsp;&nbsp;&nbsp;I2C1_Stop
<LI><a href="#[5a]">&gt;&gt;</a>&nbsp;&nbsp;&nbsp;I2C1_Start
<LI><a href="#[59]">&gt;&gt;</a>&nbsp;&nbsp;&nbsp;I2C1_SendAdd
<LI><a href="#[5c]">&gt;&gt;</a>&nbsp;&nbsp;&nbsp;I2C1_Read
</UL>
<BR>[Called By]<UL><LI><a href="#[5f]">&gt;&gt;</a>&nbsp;&nbsp;&nbsp;getTime
<LI><a href="#[21]">&gt;&gt;</a>&nbsp;&nbsp;&nbsp;TIM3_IRQHandler
</UL>

<P><STRONG><a name="[5e]"></a>I2C1_Mem_Write</STRONG> (Thumb, 210 bytes, Stack size 40 bytes, i2c1_f0.o(i.I2C1_Mem_Write))
<BR><BR>[Stack]<UL><LI>Max Depth = 96<LI>Call Chain = I2C1_Mem_Write &rArr; malloc &rArr; __Heap_Full &rArr; __Heap_ProvideMemory &rArr; free
</UL>
<BR>[Calls]<UL><LI><a href="#[41]">&gt;&gt;</a>&nbsp;&nbsp;&nbsp;free
<LI><a href="#[3e]">&gt;&gt;</a>&nbsp;&nbsp;&nbsp;malloc
<LI><a href="#[5b]">&gt;&gt;</a>&nbsp;&nbsp;&nbsp;I2C1_Write
<LI><a href="#[5d]">&gt;&gt;</a>&nbsp;&nbsp;&nbsp;I2C1_Stop
<LI><a href="#[5a]">&gt;&gt;</a>&nbsp;&nbsp;&nbsp;I2C1_Start
<LI><a href="#[59]">&gt;&gt;</a>&nbsp;&nbsp;&nbsp;I2C1_SendAdd
</UL>
<BR>[Called By]<UL><LI><a href="#[54]">&gt;&gt;</a>&nbsp;&nbsp;&nbsp;setTime
<LI><a href="#[21]">&gt;&gt;</a>&nbsp;&nbsp;&nbsp;TIM3_IRQHandler
</UL>

<P><STRONG><a name="[6a]"></a>Limit_time</STRONG> (Thumb, 76 bytes, Stack size 0 bytes, main.o(i.Limit_time))
<BR><BR>[Called By]<UL><LI><a href="#[38]">&gt;&gt;</a>&nbsp;&nbsp;&nbsp;main
</UL>

<P><STRONG><a name="[53]"></a>Set_SLEEPONEXIT</STRONG> (Thumb, 30 bytes, Stack size 8 bytes, main.o(i.Set_SLEEPONEXIT))
<BR><BR>[Stack]<UL><LI>Max Depth = 8<LI>Call Chain = Set_SLEEPONEXIT
</UL>
<BR>[Called By]<UL><LI><a href="#[38]">&gt;&gt;</a>&nbsp;&nbsp;&nbsp;main
<LI><a href="#[1a]">&gt;&gt;</a>&nbsp;&nbsp;&nbsp;EXTI4_15_IRQHandler
</UL>

<P><STRONG><a name="[65]"></a>SysClockConfig</STRONG> (Thumb, 146 bytes, Stack size 0 bytes, systemclock.o(i.SysClockConfig))
<BR><BR>[Called By]<UL><LI><a href="#[38]">&gt;&gt;</a>&nbsp;&nbsp;&nbsp;main
</UL>

<P><STRONG><a name="[28]"></a>SystemInit</STRONG> (Thumb, 2 bytes, Stack size 0 bytes, system_stm32f0xx.o(i.SystemInit))
<BR>[Address Reference Count : 1]<UL><LI> startup_stm32f030x6_1.o(.text)
</UL>
<P><STRONG><a name="[22]"></a>TIM14_IRQHandler</STRONG> (Thumb, 58 bytes, Stack size 0 bytes, main.o(i.TIM14_IRQHandler))
<BR>[Address Reference Count : 1]<UL><LI> startup_stm32f030x6_1.o(RESET)
</UL>
<P><STRONG><a name="[21]"></a>TIM3_IRQHandler</STRONG> (Thumb, 380 bytes, Stack size 32 bytes, main.o(i.TIM3_IRQHandler))
<BR><BR>[Stack]<UL><LI>Max Depth = 128<LI>Call Chain = TIM3_IRQHandler &rArr; I2C1_Mem_Write &rArr; malloc &rArr; __Heap_Full &rArr; __Heap_ProvideMemory &rArr; free
</UL>
<BR>[Calls]<UL><LI><a href="#[42]">&gt;&gt;</a>&nbsp;&nbsp;&nbsp;__aeabi_memcpy
<LI><a href="#[5e]">&gt;&gt;</a>&nbsp;&nbsp;&nbsp;I2C1_Mem_Write
<LI><a href="#[58]">&gt;&gt;</a>&nbsp;&nbsp;&nbsp;I2C1_Mem_Read
<LI><a href="#[5f]">&gt;&gt;</a>&nbsp;&nbsp;&nbsp;getTime
<LI><a href="#[60]">&gt;&gt;</a>&nbsp;&nbsp;&nbsp;display
<LI><a href="#[61]">&gt;&gt;</a>&nbsp;&nbsp;&nbsp;dec2bcd
<LI><a href="#[51]">&gt;&gt;</a>&nbsp;&nbsp;&nbsp;Display_temp
<LI><a href="#[4f]">&gt;&gt;</a>&nbsp;&nbsp;&nbsp;Calib_brightness
</UL>
<BR>[Address Reference Count : 1]<UL><LI> startup_stm32f030x6_1.o(RESET)
</UL>
<P><STRONG><a name="[62]"></a>Timer14Config</STRONG> (Thumb, 80 bytes, Stack size 8 bytes, main.o(i.Timer14Config))
<BR><BR>[Stack]<UL><LI>Max Depth = 16<LI>Call Chain = Timer14Config &rArr; __NVIC_SetPriority
</UL>
<BR>[Calls]<UL><LI><a href="#[56]">&gt;&gt;</a>&nbsp;&nbsp;&nbsp;__NVIC_SetPriority
<LI><a href="#[57]">&gt;&gt;</a>&nbsp;&nbsp;&nbsp;__NVIC_EnableIRQ
</UL>
<BR>[Called By]<UL><LI><a href="#[38]">&gt;&gt;</a>&nbsp;&nbsp;&nbsp;main
</UL>

<P><STRONG><a name="[63]"></a>Timer3Config</STRONG> (Thumb, 126 bytes, Stack size 8 bytes, main.o(i.Timer3Config))
<BR><BR>[Stack]<UL><LI>Max Depth = 16<LI>Call Chain = Timer3Config &rArr; __NVIC_SetPriority
</UL>
<BR>[Calls]<UL><LI><a href="#[56]">&gt;&gt;</a>&nbsp;&nbsp;&nbsp;__NVIC_SetPriority
<LI><a href="#[57]">&gt;&gt;</a>&nbsp;&nbsp;&nbsp;__NVIC_EnableIRQ
</UL>
<BR>[Called By]<UL><LI><a href="#[38]">&gt;&gt;</a>&nbsp;&nbsp;&nbsp;main
</UL>

<P><STRONG><a name="[69]"></a>bcd2dec</STRONG> (Thumb, 20 bytes, Stack size 0 bytes, main.o(i.bcd2dec))
<BR><BR>[Called By]<UL><LI><a href="#[38]">&gt;&gt;</a>&nbsp;&nbsp;&nbsp;main
</UL>

<P><STRONG><a name="[61]"></a>dec2bcd</STRONG> (Thumb, 30 bytes, Stack size 16 bytes, main.o(i.dec2bcd))
<BR><BR>[Stack]<UL><LI>Max Depth = 24<LI>Call Chain = dec2bcd &rArr; __aeabi_idivmod
</UL>
<BR>[Calls]<UL><LI><a href="#[64]">&gt;&gt;</a>&nbsp;&nbsp;&nbsp;__aeabi_idivmod
</UL>
<BR>[Called By]<UL><LI><a href="#[38]">&gt;&gt;</a>&nbsp;&nbsp;&nbsp;main
<LI><a href="#[21]">&gt;&gt;</a>&nbsp;&nbsp;&nbsp;TIM3_IRQHandler
</UL>

<P><STRONG><a name="[6b]"></a>delay</STRONG> (Thumb, 12 bytes, Stack size 0 bytes, main.o(i.delay))
<BR><BR>[Called By]<UL><LI><a href="#[38]">&gt;&gt;</a>&nbsp;&nbsp;&nbsp;main
</UL>

<P><STRONG><a name="[60]"></a>display</STRONG> (Thumb, 142 bytes, Stack size 24 bytes, main.o(i.display))
<BR><BR>[Stack]<UL><LI>Max Depth = 36<LI>Call Chain = display &rArr; write_data
</UL>
<BR>[Calls]<UL><LI><a href="#[52]">&gt;&gt;</a>&nbsp;&nbsp;&nbsp;write_data
</UL>
<BR>[Called By]<UL><LI><a href="#[38]">&gt;&gt;</a>&nbsp;&nbsp;&nbsp;main
<LI><a href="#[21]">&gt;&gt;</a>&nbsp;&nbsp;&nbsp;TIM3_IRQHandler
</UL>

<P><STRONG><a name="[5f]"></a>getTime</STRONG> (Thumb, 40 bytes, Stack size 24 bytes, main.o(i.getTime))
<BR><BR>[Stack]<UL><LI>Max Depth = 64<LI>Call Chain = getTime &rArr; I2C1_Mem_Read &rArr; I2C1_Write
</UL>
<BR>[Calls]<UL><LI><a href="#[58]">&gt;&gt;</a>&nbsp;&nbsp;&nbsp;I2C1_Mem_Read
</UL>
<BR>[Called By]<UL><LI><a href="#[38]">&gt;&gt;</a>&nbsp;&nbsp;&nbsp;main
<LI><a href="#[21]">&gt;&gt;</a>&nbsp;&nbsp;&nbsp;TIM3_IRQHandler
</UL>

<P><STRONG><a name="[38]"></a>main</STRONG> (Thumb, 212 bytes, Stack size 16 bytes, main.o(i.main))
<BR><BR>[Stack]<UL><LI>Max Depth = 80<LI>Call Chain = main &rArr; getTime &rArr; I2C1_Mem_Read &rArr; I2C1_Write
</UL>
<BR>[Calls]<UL><LI><a href="#[42]">&gt;&gt;</a>&nbsp;&nbsp;&nbsp;__aeabi_memcpy
<LI><a href="#[68]">&gt;&gt;</a>&nbsp;&nbsp;&nbsp;max_init
<LI><a href="#[65]">&gt;&gt;</a>&nbsp;&nbsp;&nbsp;SysClockConfig
<LI><a href="#[67]">&gt;&gt;</a>&nbsp;&nbsp;&nbsp;I2C1_Config
<LI><a href="#[5f]">&gt;&gt;</a>&nbsp;&nbsp;&nbsp;getTime
<LI><a href="#[60]">&gt;&gt;</a>&nbsp;&nbsp;&nbsp;display
<LI><a href="#[6b]">&gt;&gt;</a>&nbsp;&nbsp;&nbsp;delay
<LI><a href="#[61]">&gt;&gt;</a>&nbsp;&nbsp;&nbsp;dec2bcd
<LI><a href="#[69]">&gt;&gt;</a>&nbsp;&nbsp;&nbsp;bcd2dec
<LI><a href="#[63]">&gt;&gt;</a>&nbsp;&nbsp;&nbsp;Timer3Config
<LI><a href="#[62]">&gt;&gt;</a>&nbsp;&nbsp;&nbsp;Timer14Config
<LI><a href="#[53]">&gt;&gt;</a>&nbsp;&nbsp;&nbsp;Set_SLEEPONEXIT
<LI><a href="#[6a]">&gt;&gt;</a>&nbsp;&nbsp;&nbsp;Limit_time
<LI><a href="#[66]">&gt;&gt;</a>&nbsp;&nbsp;&nbsp;GPIOConfig
<LI><a href="#[55]">&gt;&gt;</a>&nbsp;&nbsp;&nbsp;ExtiConfig
<LI><a href="#[4f]">&gt;&gt;</a>&nbsp;&nbsp;&nbsp;Calib_brightness
</UL>
<BR>[Called By]<UL><LI><a href="#[37]">&gt;&gt;</a>&nbsp;&nbsp;&nbsp;__rt_entry_main
</UL>

<P><STRONG><a name="[6c]"></a>max_clear</STRONG> (Thumb, 60 bytes, Stack size 8 bytes, max7219.o(i.max_clear))
<BR><BR>[Stack]<UL><LI>Max Depth = 8<LI>Call Chain = max_clear
</UL>
<BR>[Calls]<UL><LI><a href="#[6d]">&gt;&gt;</a>&nbsp;&nbsp;&nbsp;write_byte
</UL>
<BR>[Called By]<UL><LI><a href="#[68]">&gt;&gt;</a>&nbsp;&nbsp;&nbsp;max_init
</UL>

<P><STRONG><a name="[68]"></a>max_init</STRONG> (Thumb, 54 bytes, Stack size 8 bytes, max7219.o(i.max_init))
<BR><BR>[Stack]<UL><LI>Max Depth = 20<LI>Call Chain = max_init &rArr; write_max_cmd
</UL>
<BR>[Calls]<UL><LI><a href="#[6f]">&gt;&gt;</a>&nbsp;&nbsp;&nbsp;write_max_cmd
<LI><a href="#[6c]">&gt;&gt;</a>&nbsp;&nbsp;&nbsp;max_clear
<LI><a href="#[6e]">&gt;&gt;</a>&nbsp;&nbsp;&nbsp;GPIO_Config
</UL>
<BR>[Called By]<UL><LI><a href="#[38]">&gt;&gt;</a>&nbsp;&nbsp;&nbsp;main
</UL>

<P><STRONG><a name="[50]"></a>max_set_brightness</STRONG> (Thumb, 14 bytes, Stack size 8 bytes, max7219.o(i.max_set_brightness))
<BR><BR>[Stack]<UL><LI>Max Depth = 20<LI>Call Chain = max_set_brightness &rArr; write_max_cmd
</UL>
<BR>[Calls]<UL><LI><a href="#[6f]">&gt;&gt;</a>&nbsp;&nbsp;&nbsp;write_max_cmd
</UL>
<BR>[Called By]<UL><LI><a href="#[4f]">&gt;&gt;</a>&nbsp;&nbsp;&nbsp;Calib_brightness
</UL>

<P><STRONG><a name="[54]"></a>setTime</STRONG> (Thumb, 22 bytes, Stack size 16 bytes, main.o(i.setTime))
<BR><BR>[Stack]<UL><LI>Max Depth = 112<LI>Call Chain = setTime &rArr; I2C1_Mem_Write &rArr; malloc &rArr; __Heap_Full &rArr; __Heap_ProvideMemory &rArr; free
</UL>
<BR>[Calls]<UL><LI><a href="#[5e]">&gt;&gt;</a>&nbsp;&nbsp;&nbsp;I2C1_Mem_Write
</UL>
<BR>[Called By]<UL><LI><a href="#[1a]">&gt;&gt;</a>&nbsp;&nbsp;&nbsp;EXTI4_15_IRQHandler
</UL>

<P><STRONG><a name="[6d]"></a>write_byte</STRONG> (Thumb, 90 bytes, Stack size 0 bytes, max7219.o(i.write_byte))
<BR><BR>[Called By]<UL><LI><a href="#[6f]">&gt;&gt;</a>&nbsp;&nbsp;&nbsp;write_max_cmd
<LI><a href="#[6c]">&gt;&gt;</a>&nbsp;&nbsp;&nbsp;max_clear
<LI><a href="#[52]">&gt;&gt;</a>&nbsp;&nbsp;&nbsp;write_data
</UL>

<P><STRONG><a name="[52]"></a>write_data</STRONG> (Thumb, 52 bytes, Stack size 12 bytes, max7219.o(i.write_data))
<BR><BR>[Stack]<UL><LI>Max Depth = 12<LI>Call Chain = write_data
</UL>
<BR>[Calls]<UL><LI><a href="#[6d]">&gt;&gt;</a>&nbsp;&nbsp;&nbsp;write_byte
</UL>
<BR>[Called By]<UL><LI><a href="#[60]">&gt;&gt;</a>&nbsp;&nbsp;&nbsp;display
<LI><a href="#[51]">&gt;&gt;</a>&nbsp;&nbsp;&nbsp;Display_temp
</UL>

<P><STRONG><a name="[6f]"></a>write_max_cmd</STRONG> (Thumb, 52 bytes, Stack size 12 bytes, max7219.o(i.write_max_cmd))
<BR><BR>[Stack]<UL><LI>Max Depth = 12<LI>Call Chain = write_max_cmd
</UL>
<BR>[Calls]<UL><LI><a href="#[6d]">&gt;&gt;</a>&nbsp;&nbsp;&nbsp;write_byte
</UL>
<BR>[Called By]<UL><LI><a href="#[50]">&gt;&gt;</a>&nbsp;&nbsp;&nbsp;max_set_brightness
<LI><a href="#[68]">&gt;&gt;</a>&nbsp;&nbsp;&nbsp;max_init
</UL>
<P>
<H3>
Local Symbols
</H3>
<P><STRONG><a name="[57]"></a>__NVIC_EnableIRQ</STRONG> (Thumb, 26 bytes, Stack size 0 bytes, main.o(i.__NVIC_EnableIRQ))
<BR><BR>[Called By]<UL><LI><a href="#[63]">&gt;&gt;</a>&nbsp;&nbsp;&nbsp;Timer3Config
<LI><a href="#[62]">&gt;&gt;</a>&nbsp;&nbsp;&nbsp;Timer14Config
<LI><a href="#[55]">&gt;&gt;</a>&nbsp;&nbsp;&nbsp;ExtiConfig
</UL>

<P><STRONG><a name="[56]"></a>__NVIC_SetPriority</STRONG> (Thumb, 110 bytes, Stack size 8 bytes, main.o(i.__NVIC_SetPriority))
<BR><BR>[Stack]<UL><LI>Max Depth = 8<LI>Call Chain = __NVIC_SetPriority
</UL>
<BR>[Called By]<UL><LI><a href="#[63]">&gt;&gt;</a>&nbsp;&nbsp;&nbsp;Timer3Config
<LI><a href="#[62]">&gt;&gt;</a>&nbsp;&nbsp;&nbsp;Timer14Config
<LI><a href="#[55]">&gt;&gt;</a>&nbsp;&nbsp;&nbsp;ExtiConfig
</UL>

<P><STRONG><a name="[5c]"></a>I2C1_Read</STRONG> (Thumb, 68 bytes, Stack size 8 bytes, i2c1_f0.o(i.I2C1_Read))
<BR><BR>[Stack]<UL><LI>Max Depth = 8<LI>Call Chain = I2C1_Read
</UL>
<BR>[Called By]<UL><LI><a href="#[58]">&gt;&gt;</a>&nbsp;&nbsp;&nbsp;I2C1_Mem_Read
</UL>

<P><STRONG><a name="[59]"></a>I2C1_SendAdd</STRONG> (Thumb, 14 bytes, Stack size 0 bytes, i2c1_f0.o(i.I2C1_SendAdd))
<BR><BR>[Called By]<UL><LI><a href="#[5e]">&gt;&gt;</a>&nbsp;&nbsp;&nbsp;I2C1_Mem_Write
<LI><a href="#[58]">&gt;&gt;</a>&nbsp;&nbsp;&nbsp;I2C1_Mem_Read
</UL>

<P><STRONG><a name="[5a]"></a>I2C1_Start</STRONG> (Thumb, 16 bytes, Stack size 0 bytes, i2c1_f0.o(i.I2C1_Start))
<BR><BR>[Called By]<UL><LI><a href="#[5e]">&gt;&gt;</a>&nbsp;&nbsp;&nbsp;I2C1_Mem_Write
<LI><a href="#[58]">&gt;&gt;</a>&nbsp;&nbsp;&nbsp;I2C1_Mem_Read
</UL>

<P><STRONG><a name="[5d]"></a>I2C1_Stop</STRONG> (Thumb, 16 bytes, Stack size 0 bytes, i2c1_f0.o(i.I2C1_Stop))
<BR><BR>[Called By]<UL><LI><a href="#[5e]">&gt;&gt;</a>&nbsp;&nbsp;&nbsp;I2C1_Mem_Write
<LI><a href="#[58]">&gt;&gt;</a>&nbsp;&nbsp;&nbsp;I2C1_Mem_Read
</UL>

<P><STRONG><a name="[5b]"></a>I2C1_Write</STRONG> (Thumb, 92 bytes, Stack size 8 bytes, i2c1_f0.o(i.I2C1_Write))
<BR><BR>[Stack]<UL><LI>Max Depth = 8<LI>Call Chain = I2C1_Write
</UL>
<BR>[Called By]<UL><LI><a href="#[5e]">&gt;&gt;</a>&nbsp;&nbsp;&nbsp;I2C1_Mem_Write
<LI><a href="#[58]">&gt;&gt;</a>&nbsp;&nbsp;&nbsp;I2C1_Mem_Read
</UL>

<P><STRONG><a name="[6e]"></a>GPIO_Config</STRONG> (Thumb, 46 bytes, Stack size 0 bytes, max7219.o(i.GPIO_Config))
<BR><BR>[Called By]<UL><LI><a href="#[68]">&gt;&gt;</a>&nbsp;&nbsp;&nbsp;max_init
</UL>
<P>
<H3>
Undefined Global Symbols
</H3>
<P><STRONG><a name="[4b]"></a>_call_atexit_fns</STRONG> (ARM, 0 bytes, Stack size 0 bytes, UNDEFINED)
<BR><BR>[Called By]<UL><LI><a href="#[39]">&gt;&gt;</a>&nbsp;&nbsp;&nbsp;exit
</UL>
<HR></body></html>
