Component: ARM Compiler 5.06 update 7 (build 960) Tool: armlink [4d3601]

==============================================================================

Section Cross References

    main.o(i.Calib_brightness) refers to max7219.o(i.max_set_brightness) for max_set_brightness
    main.o(i.Display_temp) refers to max7219.o(i.write_data) for write_data
    main.o(i.Display_temp) refers to max7219.o(.data) for Led_code
    main.o(i.EXTI4_15_IRQHandler) refers to main.o(i.Set_SLEEPONEXIT) for Set_SLEEPONEXIT
    main.o(i.EXTI4_15_IRQHandler) refers to main.o(i.setTime) for setTime
    main.o(i.EXTI4_15_IRQHandler) refers to main.o(.data) for count
    main.o(i.ExtiConfig) refers to main.o(i.__NVIC_SetPriority) for __NVIC_SetPriority
    main.o(i.ExtiConfig) refers to main.o(i.__NVIC_EnableIRQ) for __NVIC_EnableIRQ
    main.o(i.TIM3_IRQHandler) refers to main.o(i.getTime) for getTime
    main.o(i.TIM3_IRQHandler) refers to main.o(i.display) for display
    main.o(i.TIM3_IRQHandler) refers to main.o(i.Calib_brightness) for Calib_brightness
    main.o(i.TIM3_IRQHandler) refers to i2c1_f0.o(i.I2C1_Mem_Read) for I2C1_Mem_Read
    main.o(i.TIM3_IRQHandler) refers to i2c1_f0.o(i.I2C1_Mem_Write) for I2C1_Mem_Write
    main.o(i.TIM3_IRQHandler) refers to main.o(i.dec2bcd) for dec2bcd
    main.o(i.TIM3_IRQHandler) refers to main.o(i.Display_temp) for Display_temp
    main.o(i.TIM3_IRQHandler) refers to rt_memcpy.o(.text) for __aeabi_memcpy
    main.o(i.TIM3_IRQHandler) refers to main.o(.data) for State
    main.o(i.Timer14Config) refers to main.o(i.__NVIC_SetPriority) for __NVIC_SetPriority
    main.o(i.Timer14Config) refers to main.o(i.__NVIC_EnableIRQ) for __NVIC_EnableIRQ
    main.o(i.Timer3Config) refers to main.o(i.__NVIC_SetPriority) for __NVIC_SetPriority
    main.o(i.Timer3Config) refers to main.o(i.__NVIC_EnableIRQ) for __NVIC_EnableIRQ
    main.o(i.dec2bcd) refers to aeabi_sdiv.o(.text) for __aeabi_idivmod
    main.o(i.display) refers to max7219.o(i.write_data) for write_data
    main.o(i.display) refers to max7219.o(.data) for Led_code
    main.o(i.display) refers to main.o(.data) for point
    main.o(i.getTime) refers to i2c1_f0.o(i.I2C1_Mem_Read) for I2C1_Mem_Read
    main.o(i.main) refers to systemclock.o(i.SysClockConfig) for SysClockConfig
    main.o(i.main) refers to main.o(i.Timer3Config) for Timer3Config
    main.o(i.main) refers to main.o(i.Timer14Config) for Timer14Config
    main.o(i.main) refers to main.o(i.GPIOConfig) for GPIOConfig
    main.o(i.main) refers to i2c1_f0.o(i.I2C1_Config) for I2C1_Config
    main.o(i.main) refers to max7219.o(i.max_init) for max_init
    main.o(i.main) refers to main.o(i.ExtiConfig) for ExtiConfig
    main.o(i.main) refers to main.o(i.getTime) for getTime
    main.o(i.main) refers to main.o(i.display) for display
    main.o(i.main) refers to main.o(i.Calib_brightness) for Calib_brightness
    main.o(i.main) refers to main.o(i.Set_SLEEPONEXIT) for Set_SLEEPONEXIT
    main.o(i.main) refers to main.o(i.bcd2dec) for bcd2dec
    main.o(i.main) refers to main.o(i.dec2bcd) for dec2bcd
    main.o(i.main) refers to main.o(i.Limit_time) for Limit_time
    main.o(i.main) refers to rt_memcpy.o(.text) for __aeabi_memcpy
    main.o(i.main) refers to main.o(i.delay) for delay
    main.o(i.main) refers to main.o(.data) for Time_Global
    main.o(i.setTime) refers to i2c1_f0.o(i.I2C1_Mem_Write) for I2C1_Mem_Write
    i2c1_f0.o(i.I2C1_Mem_Read) refers to i2c1_f0.o(i.I2C1_SendAdd) for I2C1_SendAdd
    i2c1_f0.o(i.I2C1_Mem_Read) refers to i2c1_f0.o(i.I2C1_Start) for I2C1_Start
    i2c1_f0.o(i.I2C1_Mem_Read) refers to i2c1_f0.o(i.I2C1_Write) for I2C1_Write
    i2c1_f0.o(i.I2C1_Mem_Read) refers to i2c1_f0.o(i.I2C1_Read) for I2C1_Read
    i2c1_f0.o(i.I2C1_Mem_Read) refers to i2c1_f0.o(i.I2C1_Stop) for I2C1_Stop
    i2c1_f0.o(i.I2C1_Mem_Write) refers to h1_alloc.o(.text) for malloc
    i2c1_f0.o(i.I2C1_Mem_Write) refers to i2c1_f0.o(i.I2C1_SendAdd) for I2C1_SendAdd
    i2c1_f0.o(i.I2C1_Mem_Write) refers to i2c1_f0.o(i.I2C1_Start) for I2C1_Start
    i2c1_f0.o(i.I2C1_Mem_Write) refers to i2c1_f0.o(i.I2C1_Write) for I2C1_Write
    i2c1_f0.o(i.I2C1_Mem_Write) refers to i2c1_f0.o(i.I2C1_Stop) for I2C1_Stop
    i2c1_f0.o(i.I2C1_Mem_Write) refers to h1_free.o(.text) for free
    i2c1_f0.o(i.I2C1_Receive) refers to i2c1_f0.o(i.I2C1_SendAdd) for I2C1_SendAdd
    i2c1_f0.o(i.I2C1_Receive) refers to i2c1_f0.o(i.I2C1_Start) for I2C1_Start
    i2c1_f0.o(i.I2C1_Receive) refers to i2c1_f0.o(i.I2C1_Read) for I2C1_Read
    i2c1_f0.o(i.I2C1_Transmit) refers to i2c1_f0.o(i.I2C1_SendAdd) for I2C1_SendAdd
    i2c1_f0.o(i.I2C1_Transmit) refers to i2c1_f0.o(i.I2C1_Start) for I2C1_Start
    i2c1_f0.o(i.I2C1_Transmit) refers to i2c1_f0.o(i.I2C1_Write) for I2C1_Write
    max7219.o(i.max_clear) refers to max7219.o(i.write_byte) for write_byte
    max7219.o(i.max_init) refers to max7219.o(i.GPIO_Config) for GPIO_Config
    max7219.o(i.max_init) refers to max7219.o(i.write_max_cmd) for write_max_cmd
    max7219.o(i.max_init) refers to max7219.o(i.max_clear) for max_clear
    max7219.o(i.max_set_brightness) refers to max7219.o(i.write_max_cmd) for write_max_cmd
    max7219.o(i.write_data) refers to max7219.o(i.write_byte) for write_byte
    max7219.o(i.write_max_cmd) refers to max7219.o(i.write_byte) for write_byte
    startup_stm32f030x6_1.o(STACK) refers (Special) to heapauxi.o(.text) for __use_two_region_memory
    startup_stm32f030x6_1.o(HEAP) refers (Special) to heapauxi.o(.text) for __use_two_region_memory
    startup_stm32f030x6_1.o(RESET) refers (Special) to heapauxi.o(.text) for __use_two_region_memory
    startup_stm32f030x6_1.o(RESET) refers to startup_stm32f030x6_1.o(STACK) for __initial_sp
    startup_stm32f030x6_1.o(RESET) refers to startup_stm32f030x6_1.o(.text) for Reset_Handler
    startup_stm32f030x6_1.o(RESET) refers to main.o(i.EXTI4_15_IRQHandler) for EXTI4_15_IRQHandler
    startup_stm32f030x6_1.o(RESET) refers to main.o(i.TIM3_IRQHandler) for TIM3_IRQHandler
    startup_stm32f030x6_1.o(RESET) refers to main.o(i.TIM14_IRQHandler) for TIM14_IRQHandler
    startup_stm32f030x6_1.o(.text) refers (Special) to heapauxi.o(.text) for __use_two_region_memory
    startup_stm32f030x6_1.o(.text) refers to system_stm32f0xx.o(i.SystemInit) for SystemInit
    startup_stm32f030x6_1.o(.text) refers to __main.o(!!!main) for __main
    startup_stm32f030x6_1.o(.text) refers to startup_stm32f030x6_1.o(HEAP) for Heap_Mem
    startup_stm32f030x6_1.o(.text) refers to startup_stm32f030x6_1.o(STACK) for Stack_Mem
    system_stm32f0xx.o(i.SystemCoreClockUpdate) refers to aeabi_sdiv.o(.text) for __aeabi_uidivmod
    system_stm32f0xx.o(i.SystemCoreClockUpdate) refers to system_stm32f0xx.o(.data) for SystemCoreClock
    system_stm32f0xx.o(i.SystemCoreClockUpdate) refers to system_stm32f0xx.o(.constdata) for AHBPrescTable
    malloc.o(.text) refers (Special) to hguard.o(.text) for __heap$guard
    malloc.o(.text) refers (Special) to init_alloc.o(.text) for _init_alloc
    malloc.o(.text) refers to rt_heap_descriptor_intlibspace.o(.text) for __rt_heap_descriptor
    free.o(.text) refers (Special) to hguard.o(.text) for __heap$guard
    free.o(.text) refers to rt_heap_descriptor_intlibspace.o(.text) for __rt_heap_descriptor
    h1_alloc.o(.text) refers (Special) to h1_init.o(.text) for __Heap_Initialize
    h1_alloc.o(.text) refers to rt_heap_descriptor_intlibspace.o(.text) for __rt_heap_descriptor
    h1_alloc.o(.text) refers to init_alloc.o(.text) for __Heap_Full
    h1_free.o(.text) refers to rt_heap_descriptor_intlibspace.o(.text) for __rt_heap_descriptor
    h1_alloc_mt.o(.text) refers (Special) to h1_init.o(.text) for __Heap_Initialize
    h1_alloc_mt.o(.text) refers to init_alloc.o(.text) for __Heap_Full
    h1_alloc_mt.o(.text) refers to rt_heap_descriptor_intlibspace.o(.text) for __rt_heap_descriptor
    h1_free_mt.o(.text) refers to rt_heap_descriptor_intlibspace.o(.text) for __rt_heap_descriptor
    heap2.o(i._FDIterate) refers to heap2.o(.conststring) for .conststring
    heap2.o(i.___Heap_ProvideMemory$realtime) refers to fdtree.o(i._FDTree_Delete) for _FDTree_Delete
    heap2.o(i.___Heap_ProvideMemory$realtime) refers to fdtree.o(i._FDTree_Insert) for _FDTree_Insert
    heap2.o(i.___Heap_Stats$realtime) refers to heap2.o(i._Heap2_StatsIterate) for _Heap2_StatsIterate
    heap2.o(i.___Heap_Stats$realtime) refers to aeabi_sdiv.o(.text) for __aeabi_uidivmod
    heap2.o(i.___Heap_Valid$realtime) refers to heap2.o(i._FDIterate) for _FDIterate
    heap2.o(i.___Heap_Valid$realtime) refers to heap2.o(.conststring) for .conststring
    heap2.o(i._free$realtime) refers to rt_heap_descriptor_intlibspace.o(.text) for __rt_heap_descriptor
    heap2.o(i._free$realtime) refers to fdtree.o(i._FDTree_Delete) for _FDTree_Delete
    heap2.o(i._free$realtime) refers to fdtree.o(i._FDTree_Insert) for _FDTree_Insert
    heap2.o(i._malloc$realtime) refers to rt_heap_descriptor_intlibspace.o(.text) for __rt_heap_descriptor
    heap2.o(i._malloc$realtime) refers to fdtree.o(i._FDTree_FindFirst) for _FDTree_FindFirst
    heap2.o(i._malloc$realtime) refers to init_alloc.o(.text) for __Heap_Full
    heap2.o(i._malloc$realtime) refers to fdtree.o(i._FDTree_RemoveNode) for _FDTree_RemoveNode
    heap2.o(i._malloc$realtime) refers to fdtree.o(i._FDTree_Insert) for _FDTree_Insert
    heap2.o(i._posix_memalign$realtime) refers to rt_heap_descriptor_intlibspace.o(.text) for __rt_heap_descriptor
    heap2.o(i._posix_memalign$realtime) refers to fdtree.o(i._FDTree_FindFirst) for _FDTree_FindFirst
    heap2.o(i._posix_memalign$realtime) refers to init_alloc.o(.text) for __Heap_Full
    heap2.o(i._posix_memalign$realtime) refers to fdtree.o(i._FDTree_RemoveNode) for _FDTree_RemoveNode
    heap2.o(i._posix_memalign$realtime) refers to fdtree.o(i._FDTree_Insert) for _FDTree_Insert
    heap2.o(i._realloc$realtime) refers to rt_heap_descriptor_intlibspace.o(.text) for __rt_heap_descriptor
    heap2.o(i._realloc$realtime) refers to h1_free.o(.text) for free
    heap2.o(i._realloc$realtime) refers to h1_alloc.o(.text) for malloc
    heap2.o(i._realloc$realtime) refers to fdtree.o(i._FDTree_Delete) for _FDTree_Delete
    heap2.o(i._realloc$realtime) refers to fdtree.o(i._FDTree_Insert) for _FDTree_Insert
    heap2.o(i._realloc$realtime) refers to rt_memcpy.o(.emb_text) for __aeabi_memcpy4
    heap2mt.o(i._FDIterate) refers to heap2mt.o(.conststring) for .conststring
    heap2mt.o(i.___Heap_ProvideMemory$realtime$concurrent) refers to fdtree.o(i._FDTree_Delete) for _FDTree_Delete
    heap2mt.o(i.___Heap_ProvideMemory$realtime$concurrent) refers to fdtree.o(i._FDTree_Insert) for _FDTree_Insert
    heap2mt.o(i.___Heap_Stats$realtime$concurrent) refers to heap2mt.o(i._Heap2_StatsIterate) for _Heap2_StatsIterate
    heap2mt.o(i.___Heap_Stats$realtime$concurrent) refers to aeabi_sdiv.o(.text) for __aeabi_uidivmod
    heap2mt.o(i.___Heap_Valid$realtime$concurrent) refers to heap2mt.o(i._FDIterate) for _FDIterate
    heap2mt.o(i.___Heap_Valid$realtime$concurrent) refers to heap2mt.o(.conststring) for .conststring
    heap2mt.o(i._free$realtime$concurrent) refers to rt_heap_descriptor_intlibspace.o(.text) for __rt_heap_descriptor
    heap2mt.o(i._free$realtime$concurrent) refers to fdtree.o(i._FDTree_Delete) for _FDTree_Delete
    heap2mt.o(i._free$realtime$concurrent) refers to fdtree.o(i._FDTree_Insert) for _FDTree_Insert
    heap2mt.o(i._malloc$realtime$concurrent) refers to rt_heap_descriptor_intlibspace.o(.text) for __rt_heap_descriptor
    heap2mt.o(i._malloc$realtime$concurrent) refers to fdtree.o(i._FDTree_FindFirst) for _FDTree_FindFirst
    heap2mt.o(i._malloc$realtime$concurrent) refers to init_alloc.o(.text) for __Heap_Full
    heap2mt.o(i._malloc$realtime$concurrent) refers to fdtree.o(i._FDTree_RemoveNode) for _FDTree_RemoveNode
    heap2mt.o(i._malloc$realtime$concurrent) refers to fdtree.o(i._FDTree_Insert) for _FDTree_Insert
    heap2mt.o(i._posix_memalign$realtime$concurrent) refers to rt_heap_descriptor_intlibspace.o(.text) for __rt_heap_descriptor
    heap2mt.o(i._posix_memalign$realtime$concurrent) refers to fdtree.o(i._FDTree_FindFirst) for _FDTree_FindFirst
    heap2mt.o(i._posix_memalign$realtime$concurrent) refers to init_alloc.o(.text) for __Heap_Full
    heap2mt.o(i._posix_memalign$realtime$concurrent) refers to fdtree.o(i._FDTree_RemoveNode) for _FDTree_RemoveNode
    heap2mt.o(i._posix_memalign$realtime$concurrent) refers to fdtree.o(i._FDTree_Insert) for _FDTree_Insert
    heap2mt.o(i._realloc$realtime$concurrent) refers to rt_heap_descriptor_intlibspace.o(.text) for __rt_heap_descriptor
    heap2mt.o(i._realloc$realtime$concurrent) refers to h1_free.o(.text) for free
    heap2mt.o(i._realloc$realtime$concurrent) refers to h1_alloc.o(.text) for malloc
    heap2mt.o(i._realloc$realtime$concurrent) refers to fdtree.o(i._FDTree_Delete) for _FDTree_Delete
    heap2mt.o(i._realloc$realtime$concurrent) refers to fdtree.o(i._FDTree_Insert) for _FDTree_Insert
    heap2mt.o(i._realloc$realtime$concurrent) refers to rt_memcpy.o(.emb_text) for __aeabi_memcpy4
    rt_memcpy.o(.text) refers to rt_memcpy.o(.emb_text) for __aeabi_memcpy4
    __main.o(!!!main) refers to __rtentry.o(.ARM.Collect$$rtentry$$00000000) for __rt_entry
    __rtentry.o(.ARM.Collect$$rtentry$$00000000) refers (Special) to __rtentry2.o(.ARM.Collect$$rtentry$$0000000A) for __rt_entry_li
    __rtentry.o(.ARM.Collect$$rtentry$$00000000) refers (Special) to __rtentry2.o(.ARM.Collect$$rtentry$$0000000D) for __rt_entry_main
    __rtentry.o(.ARM.Collect$$rtentry$$00000000) refers (Special) to __rtentry2.o(.ARM.Collect$$rtentry$$0000000C) for __rt_entry_postli_1
    __rtentry.o(.ARM.Collect$$rtentry$$00000000) refers (Special) to __rtentry2.o(.ARM.Collect$$rtentry$$00000009) for __rt_entry_postsh_1
    __rtentry.o(.ARM.Collect$$rtentry$$00000000) refers (Special) to __rtentry2.o(.ARM.Collect$$rtentry$$00000002) for __rt_entry_presh_1
    __rtentry.o(.ARM.Collect$$rtentry$$00000000) refers (Special) to __rtentry4.o(.ARM.Collect$$rtentry$$00000004) for __rt_entry_sh
    aeabi_idiv0_sigfpe.o(.text) refers to rt_div0.o(.text) for __rt_div0
    rt_heap_descriptor.o(.text) refers to rt_heap_descriptor.o(.bss) for __rt_heap_descriptor_data
    rt_heap_descriptor_intlibspace.o(.text) refers to libspace.o(.bss) for __libspace_start
    init_alloc.o(.text) refers (Special) to hguard.o(.text) for __heap$guard
    init_alloc.o(.text) refers (Special) to libinit2.o(.ARM.Collect$$libinit$$00000005) for __rt_lib_init_heap_2
    init_alloc.o(.text) refers (Special) to maybetermalloc1.o(.emb_text) for _maybe_terminate_alloc
    init_alloc.o(.text) refers to h1_extend.o(.text) for __Heap_ProvideMemory
    init_alloc.o(.text) refers to defsig_rtmem_outer.o(.text) for __rt_SIGRTMEM
    init_alloc.o(.text) refers to rt_heap_descriptor_intlibspace.o(.text) for __rt_heap_descriptor
    init_alloc.o(.text) refers to h1_init.o(.text) for __Heap_Initialize
    _get_argv.o(.text) refers (Special) to hrguard.o(.text) for __heap_region$guard
    _get_argv.o(.text) refers to h1_alloc.o(.text) for malloc
    _get_argv.o(.text) refers to defsig_rtmem_outer.o(.text) for __rt_SIGRTMEM
    _get_argv.o(.text) refers to sys_command.o(.text) for _sys_command_string
    libinit2.o(.ARM.Collect$$libinit$$00000005) refers (Weak) to init_alloc.o(.text) for _init_alloc
    libinit2.o(.ARM.Collect$$libinit$$00000010) refers to libinit2.o(.ARM.Collect$$libinit$$0000000F) for .ARM.Collect$$libinit$$0000000F
    libinit2.o(.ARM.Collect$$libinit$$00000012) refers to libinit2.o(.ARM.Collect$$libinit$$0000000F) for .ARM.Collect$$libinit$$0000000F
    libinit2.o(.ARM.Collect$$libinit$$00000014) refers to libinit2.o(.ARM.Collect$$libinit$$0000000F) for .ARM.Collect$$libinit$$0000000F
    libinit2.o(.ARM.Collect$$libinit$$00000016) refers to libinit2.o(.ARM.Collect$$libinit$$0000000F) for .ARM.Collect$$libinit$$0000000F
    libinit2.o(.ARM.Collect$$libinit$$00000018) refers to libinit2.o(.ARM.Collect$$libinit$$0000000F) for .ARM.Collect$$libinit$$0000000F
    libinit2.o(.ARM.Collect$$libinit$$00000026) refers to argv_veneer.o(.text) for __ARM_argv_veneer
    libinit2.o(.ARM.Collect$$libinit$$00000027) refers to argv_veneer.o(.text) for __ARM_argv_veneer
    sys_command.o(.text) refers (Special) to use_no_semi.o(.text) for __I$use$semihosting
    sys_command.o(.text) refers (Special) to indicate_semi.o(.text) for __semihosting_library_function
    libspace.o(.text) refers to libspace.o(.bss) for __libspace_start
    __rtentry2.o(.ARM.Collect$$rtentry$$00000008) refers to boardinit2.o(.text) for _platform_post_stackheap_init
    __rtentry2.o(.ARM.Collect$$rtentry$$0000000A) refers to libinit.o(.ARM.Collect$$libinit$$00000000) for __rt_lib_init
    __rtentry2.o(.ARM.Collect$$rtentry$$0000000B) refers to boardinit3.o(.text) for _platform_post_lib_init
    __rtentry2.o(.ARM.Collect$$rtentry$$0000000D) refers to main.o(i.main) for main
    __rtentry2.o(.ARM.Collect$$rtentry$$0000000D) refers to exit.o(.text) for exit
    __rtentry2.o(.ARM.exidx) refers to __rtentry2.o(.ARM.Collect$$rtentry$$00000001) for .ARM.Collect$$rtentry$$00000001
    __rtentry2.o(.ARM.exidx) refers to __rtentry2.o(.ARM.Collect$$rtentry$$00000008) for .ARM.Collect$$rtentry$$00000008
    __rtentry2.o(.ARM.exidx) refers to __rtentry2.o(.ARM.Collect$$rtentry$$0000000A) for .ARM.Collect$$rtentry$$0000000A
    __rtentry2.o(.ARM.exidx) refers to __rtentry2.o(.ARM.Collect$$rtentry$$0000000B) for .ARM.Collect$$rtentry$$0000000B
    __rtentry2.o(.ARM.exidx) refers to __rtentry2.o(.ARM.Collect$$rtentry$$0000000D) for .ARM.Collect$$rtentry$$0000000D
    __rtentry4.o(.ARM.Collect$$rtentry$$00000004) refers to sys_stackheap_outer.o(.text) for __user_setup_stackheap
    __rtentry4.o(.ARM.exidx) refers to __rtentry4.o(.ARM.Collect$$rtentry$$00000004) for .ARM.Collect$$rtentry$$00000004
    rt_div0.o(.text) refers to defsig_fpe_outer.o(.text) for __rt_SIGFPE
    maybetermalloc2.o(.emb_text) refers (Special) to term_alloc.o(.text) for _terminate_alloc
    h1_extend.o(.text) refers to h1_free.o(.text) for free
    h1_extend_mt.o(.text) refers to h1_free_mt.o(.text) for _free_internal
    defsig_rtmem_outer.o(.text) refers to defsig_rtmem_inner.o(.text) for __rt_SIGRTMEM_inner
    defsig_rtmem_outer.o(.text) refers to defsig_exit.o(.text) for __sig_exit
    defsig_rtmem_formal.o(.text) refers to rt_raise.o(.text) for __rt_raise
    heapauxa.o(.text) refers to heapauxa.o(.data) for .data
    sys_stackheap_outer.o(.text) refers to libspace.o(.text) for __user_perproc_libspace
    sys_stackheap_outer.o(.text) refers to startup_stm32f030x6_1.o(.text) for __user_initial_stackheap
    sys_stackheap_outer.o(__vectab_stack_and_reset_area) refers to tempstk.o(.text) for __temporary_stack_top
    sys_stackheap_outer.o(__vectab_stack_and_reset_area) refers to __main.o(!!!main) for __main
    rt_raise.o(.text) refers to __raise.o(.text) for __raise
    rt_raise.o(.text) refers to sys_exit.o(.text) for _sys_exit
    term_alloc.o(.text) refers (Special) to libshutdown2.o(.ARM.Collect$$libshutdown$$00000010) for __rt_lib_shutdown_heap_2
    term_alloc.o(.text) refers to rt_heap_descriptor_intlibspace.o(.text) for __rt_heap_descriptor
    exit.o(.text) refers to rtexit.o(.ARM.Collect$$rtexit$$00000000) for __rt_exit
    defsig_exit.o(.text) refers to sys_exit.o(.text) for _sys_exit
    defsig_fpe_outer.o(.text) refers to defsig_fpe_inner.o(.text) for __rt_SIGFPE_inner
    defsig_fpe_outer.o(.text) refers to defsig_exit.o(.text) for __sig_exit
    defsig_fpe_formal.o(.text) refers to rt_raise.o(.text) for __rt_raise
    defsig_rtmem_inner.o(.text) refers to defsig_general.o(.text) for __default_signal_display
    _get_argv_nomalloc.o(.text) refers (Special) to hrguard.o(.text) for __heap_region$guard
    _get_argv_nomalloc.o(.text) refers to defsig_rtmem_outer.o(.text) for __rt_SIGRTMEM
    _get_argv_nomalloc.o(.text) refers to sys_command.o(.text) for _sys_command_string
    libinit.o(.ARM.Collect$$libinit$$00000000) refers (Special) to libinit2.o(.ARM.Collect$$libinit$$0000002E) for __rt_lib_init_alloca_1
    libinit.o(.ARM.Collect$$libinit$$00000000) refers (Special) to libinit2.o(.ARM.Collect$$libinit$$0000002C) for __rt_lib_init_argv_1
    libinit.o(.ARM.Collect$$libinit$$00000000) refers (Special) to libinit2.o(.ARM.Collect$$libinit$$0000001B) for __rt_lib_init_atexit_1
    libinit.o(.ARM.Collect$$libinit$$00000000) refers (Special) to libinit2.o(.ARM.Collect$$libinit$$00000021) for __rt_lib_init_clock_1
    libinit.o(.ARM.Collect$$libinit$$00000000) refers (Special) to libinit2.o(.ARM.Collect$$libinit$$00000032) for __rt_lib_init_cpp_1
    libinit.o(.ARM.Collect$$libinit$$00000000) refers (Special) to libinit2.o(.ARM.Collect$$libinit$$00000030) for __rt_lib_init_exceptions_1
    libinit.o(.ARM.Collect$$libinit$$00000000) refers (Special) to libinit2.o(.ARM.Collect$$libinit$$00000002) for __rt_lib_init_fp_1
    libinit.o(.ARM.Collect$$libinit$$00000000) refers (Special) to libinit2.o(.ARM.Collect$$libinit$$0000001F) for __rt_lib_init_fp_trap_1
    libinit.o(.ARM.Collect$$libinit$$00000000) refers (Special) to libinit2.o(.ARM.Collect$$libinit$$00000023) for __rt_lib_init_getenv_1
    libinit.o(.ARM.Collect$$libinit$$00000000) refers (Special) to libinit2.o(.ARM.Collect$$libinit$$0000000A) for __rt_lib_init_heap_1
    libinit.o(.ARM.Collect$$libinit$$00000000) refers (Special) to libinit2.o(.ARM.Collect$$libinit$$00000011) for __rt_lib_init_lc_collate_1
    libinit.o(.ARM.Collect$$libinit$$00000000) refers (Special) to libinit2.o(.ARM.Collect$$libinit$$00000013) for __rt_lib_init_lc_ctype_1
    libinit.o(.ARM.Collect$$libinit$$00000000) refers (Special) to libinit2.o(.ARM.Collect$$libinit$$00000015) for __rt_lib_init_lc_monetary_1
    libinit.o(.ARM.Collect$$libinit$$00000000) refers (Special) to libinit2.o(.ARM.Collect$$libinit$$00000017) for __rt_lib_init_lc_numeric_1
    libinit.o(.ARM.Collect$$libinit$$00000000) refers (Special) to libinit2.o(.ARM.Collect$$libinit$$00000019) for __rt_lib_init_lc_time_1
    libinit.o(.ARM.Collect$$libinit$$00000000) refers (Special) to libinit2.o(.ARM.Collect$$libinit$$00000004) for __rt_lib_init_preinit_1
    libinit.o(.ARM.Collect$$libinit$$00000000) refers (Special) to libinit2.o(.ARM.Collect$$libinit$$0000000E) for __rt_lib_init_rand_1
    libinit.o(.ARM.Collect$$libinit$$00000000) refers (Special) to libinit2.o(.ARM.Collect$$libinit$$00000033) for __rt_lib_init_return
    libinit.o(.ARM.Collect$$libinit$$00000000) refers (Special) to libinit2.o(.ARM.Collect$$libinit$$0000001D) for __rt_lib_init_signal_1
    libinit.o(.ARM.Collect$$libinit$$00000000) refers (Special) to libinit2.o(.ARM.Collect$$libinit$$00000025) for __rt_lib_init_stdio_1
    libinit.o(.ARM.Collect$$libinit$$00000000) refers (Special) to libinit2.o(.ARM.Collect$$libinit$$0000000C) for __rt_lib_init_user_alloc_1
    sys_exit.o(.text) refers (Special) to use_no_semi.o(.text) for __I$use$semihosting
    sys_exit.o(.text) refers (Special) to indicate_semi.o(.text) for __semihosting_library_function
    rtexit.o(.ARM.Collect$$rtexit$$00000000) refers (Special) to rtexit2.o(.ARM.Collect$$rtexit$$00000004) for __rt_exit_exit
    rtexit.o(.ARM.Collect$$rtexit$$00000000) refers (Special) to rtexit2.o(.ARM.Collect$$rtexit$$00000003) for __rt_exit_ls
    rtexit.o(.ARM.Collect$$rtexit$$00000000) refers (Special) to rtexit2.o(.ARM.Collect$$rtexit$$00000002) for __rt_exit_prels_1
    rtexit.o(.ARM.exidx) refers (Special) to rtexit2.o(.ARM.Collect$$rtexit$$00000004) for __rt_exit_exit
    rtexit.o(.ARM.exidx) refers (Special) to rtexit2.o(.ARM.Collect$$rtexit$$00000003) for __rt_exit_ls
    rtexit.o(.ARM.exidx) refers (Special) to rtexit2.o(.ARM.Collect$$rtexit$$00000002) for __rt_exit_prels_1
    rtexit.o(.ARM.exidx) refers to rtexit.o(.ARM.Collect$$rtexit$$00000000) for .ARM.Collect$$rtexit$$00000000
    __raise.o(.text) refers to defsig.o(CL$$defsig) for __default_signal_handler
    defsig_general.o(.text) refers to sys_wrch.o(.text) for _ttywrch
    defsig_fpe_inner.o(.text) refers to defsig_general.o(.text) for __default_signal_display
    libshutdown2.o(.ARM.Collect$$libshutdown$$0000000F) refers (Weak) to term_alloc.o(.text) for _terminate_alloc
    sys_wrch.o(.text) refers (Special) to use_no_semi.o(.text) for __I$use$semihosting
    sys_wrch.o(.text) refers (Special) to indicate_semi.o(.text) for __semihosting_library_function
    rtexit2.o(.ARM.Collect$$rtexit$$00000003) refers to libshutdown.o(.ARM.Collect$$libshutdown$$00000000) for __rt_lib_shutdown
    rtexit2.o(.ARM.Collect$$rtexit$$00000004) refers to sys_exit.o(.text) for _sys_exit
    rtexit2.o(.ARM.exidx) refers to rtexit2.o(.ARM.Collect$$rtexit$$00000001) for .ARM.Collect$$rtexit$$00000001
    rtexit2.o(.ARM.exidx) refers to rtexit2.o(.ARM.Collect$$rtexit$$00000003) for .ARM.Collect$$rtexit$$00000003
    rtexit2.o(.ARM.exidx) refers to rtexit2.o(.ARM.Collect$$rtexit$$00000004) for .ARM.Collect$$rtexit$$00000004
    defsig.o(CL$$defsig) refers to defsig_fpe_inner.o(.text) for __rt_SIGFPE_inner
    defsig.o(CL$$defsig) refers to defsig_rtmem_inner.o(.text) for __rt_SIGRTMEM_inner
    defsig_abrt_inner.o(.text) refers to defsig_general.o(.text) for __default_signal_display
    defsig_rtred_inner.o(.text) refers to defsig_general.o(.text) for __default_signal_display
    defsig_stak_inner.o(.text) refers to defsig_general.o(.text) for __default_signal_display
    defsig_pvfn_inner.o(.text) refers to defsig_general.o(.text) for __default_signal_display
    defsig_cppl_inner.o(.text) refers to defsig_general.o(.text) for __default_signal_display
    defsig_segv_inner.o(.text) refers to defsig_general.o(.text) for __default_signal_display
    defsig_other.o(.text) refers to defsig_general.o(.text) for __default_signal_display
    libshutdown.o(.ARM.Collect$$libshutdown$$00000000) refers (Special) to libshutdown2.o(.ARM.Collect$$libshutdown$$00000004) for __rt_lib_shutdown_cpp_1
    libshutdown.o(.ARM.Collect$$libshutdown$$00000000) refers (Special) to libshutdown2.o(.ARM.Collect$$libshutdown$$00000002) for __rt_lib_shutdown_fini_1
    libshutdown.o(.ARM.Collect$$libshutdown$$00000000) refers (Special) to libshutdown2.o(.ARM.Collect$$libshutdown$$00000009) for __rt_lib_shutdown_fp_trap_1
    libshutdown.o(.ARM.Collect$$libshutdown$$00000000) refers (Special) to libshutdown2.o(.ARM.Collect$$libshutdown$$00000011) for __rt_lib_shutdown_heap_1
    libshutdown.o(.ARM.Collect$$libshutdown$$00000000) refers (Special) to libshutdown2.o(.ARM.Collect$$libshutdown$$00000012) for __rt_lib_shutdown_return
    libshutdown.o(.ARM.Collect$$libshutdown$$00000000) refers (Special) to libshutdown2.o(.ARM.Collect$$libshutdown$$0000000C) for __rt_lib_shutdown_signal_1
    libshutdown.o(.ARM.Collect$$libshutdown$$00000000) refers (Special) to libshutdown2.o(.ARM.Collect$$libshutdown$$00000006) for __rt_lib_shutdown_stdio_1
    libshutdown.o(.ARM.Collect$$libshutdown$$00000000) refers (Special) to libshutdown2.o(.ARM.Collect$$libshutdown$$0000000E) for __rt_lib_shutdown_user_alloc_1


==============================================================================

Removing Unused input sections from the image.

    Removing main.o(.rev16_text), (4 bytes).
    Removing main.o(.revsh_text), (4 bytes).
    Removing systemclock.o(.rev16_text), (4 bytes).
    Removing systemclock.o(.revsh_text), (4 bytes).
    Removing i2c1_f0.o(.rev16_text), (4 bytes).
    Removing i2c1_f0.o(.revsh_text), (4 bytes).
    Removing i2c1_f0.o(i.I2C1_Receive), (72 bytes).
    Removing i2c1_f0.o(i.I2C1_Transmit), (76 bytes).
    Removing max7219.o(.rev16_text), (4 bytes).
    Removing max7219.o(.revsh_text), (4 bytes).
    Removing system_stm32f0xx.o(.rev16_text), (4 bytes).
    Removing system_stm32f0xx.o(.revsh_text), (4 bytes).
    Removing system_stm32f0xx.o(i.SystemCoreClockUpdate), (176 bytes).
    Removing system_stm32f0xx.o(.constdata), (24 bytes).
    Removing system_stm32f0xx.o(.data), (4 bytes).

15 unused section(s) (total 392 bytes) removed from the image.

==============================================================================

Image Symbol Table

    Local Symbols

    Symbol Name                              Value     Ov Type        Size  Object(Section)

    ../clib/angel/boardlib.s                 0x00000000   Number         0  boardshut.o ABSOLUTE
    ../clib/angel/boardlib.s                 0x00000000   Number         0  boardinit3.o ABSOLUTE
    ../clib/angel/boardlib.s                 0x00000000   Number         0  boardinit2.o ABSOLUTE
    ../clib/angel/boardlib.s                 0x00000000   Number         0  boardinit1.o ABSOLUTE
    ../clib/angel/handlers.s                 0x00000000   Number         0  __scatter_zi.o ABSOLUTE
    ../clib/angel/handlers.s                 0x00000000   Number         0  __scatter_copy.o ABSOLUTE
    ../clib/angel/kernel.s                   0x00000000   Number         0  __rtentry.o ABSOLUTE
    ../clib/angel/kernel.s                   0x00000000   Number         0  __rtentry4.o ABSOLUTE
    ../clib/angel/kernel.s                   0x00000000   Number         0  rtexit.o ABSOLUTE
    ../clib/angel/kernel.s                   0x00000000   Number         0  rtexit2.o ABSOLUTE
    ../clib/angel/kernel.s                   0x00000000   Number         0  __rtentry2.o ABSOLUTE
    ../clib/angel/rt.s                       0x00000000   Number         0  rt_heap_descriptor_intlibspace.o ABSOLUTE
    ../clib/angel/rt.s                       0x00000000   Number         0  rt_heap_descriptor.o ABSOLUTE
    ../clib/angel/rt.s                       0x00000000   Number         0  aeabi_idiv0_sigfpe.o ABSOLUTE
    ../clib/angel/rt.s                       0x00000000   Number         0  aeabi_idiv0.o ABSOLUTE
    ../clib/angel/rt.s                       0x00000000   Number         0  rt_div0.o ABSOLUTE
    ../clib/angel/rt.s                       0x00000000   Number         0  rt_raise.o ABSOLUTE
    ../clib/angel/scatterp.s                 0x00000000   Number         0  __scatter.o ABSOLUTE
    ../clib/angel/startup.s                  0x00000000   Number         0  __main.o ABSOLUTE
    ../clib/angel/sys.s                      0x00000000   Number         0  indicate_semi.o ABSOLUTE
    ../clib/angel/sys.s                      0x00000000   Number         0  use_no_semi.o ABSOLUTE
    ../clib/angel/sys.s                      0x00000000   Number         0  mutex_dummy.o ABSOLUTE
    ../clib/angel/sys.s                      0x00000000   Number         0  tempstk.o ABSOLUTE
    ../clib/angel/sys.s                      0x00000000   Number         0  libspace.o ABSOLUTE
    ../clib/angel/sys.s                      0x00000000   Number         0  sys_stackheap_outer.o ABSOLUTE
    ../clib/angel/sysapp.c                   0x00000000   Number         0  sys_command.o ABSOLUTE
    ../clib/angel/sysapp.c                   0x00000000   Number         0  sys_wrch.o ABSOLUTE
    ../clib/angel/sysapp.c                   0x00000000   Number         0  sys_exit.o ABSOLUTE
    ../clib/armsys.c                         0x00000000   Number         0  argv_veneer.o ABSOLUTE
    ../clib/armsys.c                         0x00000000   Number         0  _get_argv_nomalloc.o ABSOLUTE
    ../clib/armsys.c                         0x00000000   Number         0  no_argv.o ABSOLUTE
    ../clib/armsys.c                         0x00000000   Number         0  _get_argv.o ABSOLUTE
    ../clib/division.s                       0x00000000   Number         0  aeabi_sdiv_div0.o ABSOLUTE
    ../clib/division.s                       0x00000000   Number         0  aeabi_sdiv.o ABSOLUTE
    ../clib/heap1.c                          0x00000000   Number         0  h1_init_mt.o ABSOLUTE
    ../clib/heap1.c                          0x00000000   Number         0  h1_final_mt.o ABSOLUTE
    ../clib/heap1.c                          0x00000000   Number         0  h1_final.o ABSOLUTE
    ../clib/heap1.c                          0x00000000   Number         0  h1_extend_mt.o ABSOLUTE
    ../clib/heap1.c                          0x00000000   Number         0  h1_extend.o ABSOLUTE
    ../clib/heap1.c                          0x00000000   Number         0  h1_free_mt.o ABSOLUTE
    ../clib/heap1.c                          0x00000000   Number         0  h1_free.o ABSOLUTE
    ../clib/heap1.c                          0x00000000   Number         0  h1_alloc.o ABSOLUTE
    ../clib/heap1.c                          0x00000000   Number         0  h1_init.o ABSOLUTE
    ../clib/heap1.c                          0x00000000   Number         0  h1_alloc_mt.o ABSOLUTE
    ../clib/heap2.c                          0x00000000   Number         0  fdtree.o ABSOLUTE
    ../clib/heap2.c                          0x00000000   Number         0  heap2mt.o ABSOLUTE
    ../clib/heap2.c                          0x00000000   Number         0  heap2.o ABSOLUTE
    ../clib/heapalloc.c                      0x00000000   Number         0  term_alloc.o ABSOLUTE
    ../clib/heapalloc.c                      0x00000000   Number         0  hrguard.o ABSOLUTE
    ../clib/heapalloc.c                      0x00000000   Number         0  malloc.o ABSOLUTE
    ../clib/heapalloc.c                      0x00000000   Number         0  free.o ABSOLUTE
    ../clib/heapalloc.c                      0x00000000   Number         0  hguard.o ABSOLUTE
    ../clib/heapalloc.c                      0x00000000   Number         0  init_alloc.o ABSOLUTE
    ../clib/heapalloc.c                      0x00000000   Number         0  heapstubs.o ABSOLUTE
    ../clib/heapalloc.c                      0x00000000   Number         0  maybetermalloc2.o ABSOLUTE
    ../clib/heapalloc.c                      0x00000000   Number         0  maybetermalloc2.o ABSOLUTE
    ../clib/heapalloc.c                      0x00000000   Number         0  maybetermalloc1.o ABSOLUTE
    ../clib/heapalloc.c                      0x00000000   Number         0  maybetermalloc1.o ABSOLUTE
    ../clib/heapaux.c                        0x00000000   Number         0  heapauxa.o ABSOLUTE
    ../clib/heapaux.c                        0x00000000   Number         0  heapauxi.o ABSOLUTE
    ../clib/libinit.s                        0x00000000   Number         0  libinit2.o ABSOLUTE
    ../clib/libinit.s                        0x00000000   Number         0  libshutdown2.o ABSOLUTE
    ../clib/libinit.s                        0x00000000   Number         0  libinit.o ABSOLUTE
    ../clib/libinit.s                        0x00000000   Number         0  libshutdown.o ABSOLUTE
    ../clib/memcpset.c                       0x00000000   Number         0  rt_memcpy.o ABSOLUTE
    ../clib/memcpset.c                       0x00000000   Number         0  rt_memcpy.o ABSOLUTE
    ../clib/signal.c                         0x00000000   Number         0  defsig_stak_inner.o ABSOLUTE
    ../clib/signal.c                         0x00000000   Number         0  defsig_general.o ABSOLUTE
    ../clib/signal.c                         0x00000000   Number         0  __raise.o ABSOLUTE
    ../clib/signal.c                         0x00000000   Number         0  defsig_rtmem_inner.o ABSOLUTE
    ../clib/signal.c                         0x00000000   Number         0  defsig_fpe_outer.o ABSOLUTE
    ../clib/signal.c                         0x00000000   Number         0  defsig_exit.o ABSOLUTE
    ../clib/signal.c                         0x00000000   Number         0  defsig_fpe_inner.o ABSOLUTE
    ../clib/signal.c                         0x00000000   Number         0  defsig_rtred_inner.o ABSOLUTE
    ../clib/signal.c                         0x00000000   Number         0  defsig_abrt_inner.o ABSOLUTE
    ../clib/signal.c                         0x00000000   Number         0  defsig_fpe_formal.o ABSOLUTE
    ../clib/signal.c                         0x00000000   Number         0  defsig_cppl_inner.o ABSOLUTE
    ../clib/signal.c                         0x00000000   Number         0  defsig_rtmem_formal.o ABSOLUTE
    ../clib/signal.c                         0x00000000   Number         0  defsig_rtmem_outer.o ABSOLUTE
    ../clib/signal.c                         0x00000000   Number         0  defsig_other.o ABSOLUTE
    ../clib/signal.c                         0x00000000   Number         0  defsig_segv_inner.o ABSOLUTE
    ../clib/signal.c                         0x00000000   Number         0  defsig_pvfn_inner.o ABSOLUTE
    ../clib/signal.s                         0x00000000   Number         0  defsig.o ABSOLUTE
    ../clib/stdlib.c                         0x00000000   Number         0  exit.o ABSOLUTE
    ../fplib/cfplib/fpinit.c                 0x00000000   Number         0  fpinit.o ABSOLUTE
    I2C1_F0.c                                0x00000000   Number         0  i2c1_f0.o ABSOLUTE
    I2C1_F0.c                                0x00000000   Number         0  i2c1_f0.o ABSOLUTE
    Max7219.c                                0x00000000   Number         0  max7219.o ABSOLUTE
    Max7219.c                                0x00000000   Number         0  max7219.o ABSOLUTE
    RTE\Device\STM32F030F4Px\startup_stm32f030x6.s 0x00000000   Number         0  startup_stm32f030x6_1.o ABSOLUTE
    RTE\Device\STM32F030F4Px\system_stm32f0xx.c 0x00000000   Number         0  system_stm32f0xx.o ABSOLUTE
    RTE\\Device\\STM32F030F4Px\\system_stm32f0xx.c 0x00000000   Number         0  system_stm32f0xx.o ABSOLUTE
    SystemClock.c                            0x00000000   Number         0  systemclock.o ABSOLUTE
    SystemClock.c                            0x00000000   Number         0  systemclock.o ABSOLUTE
    dc.s                                     0x00000000   Number         0  dc.o ABSOLUTE
    main.c                                   0x00000000   Number         0  main.o ABSOLUTE
    main.c                                   0x00000000   Number         0  main.o ABSOLUTE
    RESET                                    0x08000000   Section      176  startup_stm32f030x6_1.o(RESET)
    !!!main                                  0x080000b0   Section        8  __main.o(!!!main)
    !!!scatter                               0x080000b8   Section       60  __scatter.o(!!!scatter)
    !!handler_copy                           0x080000f4   Section       26  __scatter_copy.o(!!handler_copy)
    !!handler_zi                             0x08000110   Section       28  __scatter_zi.o(!!handler_zi)
    .ARM.Collect$$libinit$$00000000          0x0800012c   Section        2  libinit.o(.ARM.Collect$$libinit$$00000000)
    .ARM.Collect$$libinit$$00000002          0x0800012e   Section        0  libinit2.o(.ARM.Collect$$libinit$$00000002)
    .ARM.Collect$$libinit$$00000004          0x0800012e   Section        0  libinit2.o(.ARM.Collect$$libinit$$00000004)
    .ARM.Collect$$libinit$$00000005          0x0800012e   Section        8  libinit2.o(.ARM.Collect$$libinit$$00000005)
    .ARM.Collect$$libinit$$0000000A          0x08000136   Section        0  libinit2.o(.ARM.Collect$$libinit$$0000000A)
    .ARM.Collect$$libinit$$0000000C          0x08000136   Section        0  libinit2.o(.ARM.Collect$$libinit$$0000000C)
    .ARM.Collect$$libinit$$0000000E          0x08000136   Section        0  libinit2.o(.ARM.Collect$$libinit$$0000000E)
    .ARM.Collect$$libinit$$00000011          0x08000136   Section        0  libinit2.o(.ARM.Collect$$libinit$$00000011)
    .ARM.Collect$$libinit$$00000013          0x08000136   Section        0  libinit2.o(.ARM.Collect$$libinit$$00000013)
    .ARM.Collect$$libinit$$00000015          0x08000136   Section        0  libinit2.o(.ARM.Collect$$libinit$$00000015)
    .ARM.Collect$$libinit$$00000017          0x08000136   Section        0  libinit2.o(.ARM.Collect$$libinit$$00000017)
    .ARM.Collect$$libinit$$00000019          0x08000136   Section        0  libinit2.o(.ARM.Collect$$libinit$$00000019)
    .ARM.Collect$$libinit$$0000001B          0x08000136   Section        0  libinit2.o(.ARM.Collect$$libinit$$0000001B)
    .ARM.Collect$$libinit$$0000001D          0x08000136   Section        0  libinit2.o(.ARM.Collect$$libinit$$0000001D)
    .ARM.Collect$$libinit$$0000001F          0x08000136   Section        0  libinit2.o(.ARM.Collect$$libinit$$0000001F)
    .ARM.Collect$$libinit$$00000021          0x08000136   Section        0  libinit2.o(.ARM.Collect$$libinit$$00000021)
    .ARM.Collect$$libinit$$00000023          0x08000136   Section        0  libinit2.o(.ARM.Collect$$libinit$$00000023)
    .ARM.Collect$$libinit$$00000025          0x08000136   Section        0  libinit2.o(.ARM.Collect$$libinit$$00000025)
    .ARM.Collect$$libinit$$0000002C          0x08000136   Section        0  libinit2.o(.ARM.Collect$$libinit$$0000002C)
    .ARM.Collect$$libinit$$0000002E          0x08000136   Section        0  libinit2.o(.ARM.Collect$$libinit$$0000002E)
    .ARM.Collect$$libinit$$00000030          0x08000136   Section        0  libinit2.o(.ARM.Collect$$libinit$$00000030)
    .ARM.Collect$$libinit$$00000032          0x08000136   Section        0  libinit2.o(.ARM.Collect$$libinit$$00000032)
    .ARM.Collect$$libinit$$00000033          0x08000136   Section        2  libinit2.o(.ARM.Collect$$libinit$$00000033)
    .ARM.Collect$$libshutdown$$00000000      0x08000138   Section        2  libshutdown.o(.ARM.Collect$$libshutdown$$00000000)
    .ARM.Collect$$libshutdown$$00000002      0x0800013a   Section        0  libshutdown2.o(.ARM.Collect$$libshutdown$$00000002)
    .ARM.Collect$$libshutdown$$00000004      0x0800013a   Section        0  libshutdown2.o(.ARM.Collect$$libshutdown$$00000004)
    .ARM.Collect$$libshutdown$$00000006      0x0800013a   Section        0  libshutdown2.o(.ARM.Collect$$libshutdown$$00000006)
    .ARM.Collect$$libshutdown$$00000009      0x0800013a   Section        0  libshutdown2.o(.ARM.Collect$$libshutdown$$00000009)
    .ARM.Collect$$libshutdown$$0000000C      0x0800013a   Section        0  libshutdown2.o(.ARM.Collect$$libshutdown$$0000000C)
    .ARM.Collect$$libshutdown$$0000000E      0x0800013a   Section        0  libshutdown2.o(.ARM.Collect$$libshutdown$$0000000E)
    .ARM.Collect$$libshutdown$$00000011      0x0800013a   Section        0  libshutdown2.o(.ARM.Collect$$libshutdown$$00000011)
    .ARM.Collect$$libshutdown$$00000012      0x0800013a   Section        2  libshutdown2.o(.ARM.Collect$$libshutdown$$00000012)
    .ARM.Collect$$rtentry$$00000000          0x0800013c   Section        0  __rtentry.o(.ARM.Collect$$rtentry$$00000000)
    .ARM.Collect$$rtentry$$00000002          0x0800013c   Section        0  __rtentry2.o(.ARM.Collect$$rtentry$$00000002)
    .ARM.Collect$$rtentry$$00000004          0x0800013c   Section        6  __rtentry4.o(.ARM.Collect$$rtentry$$00000004)
    .ARM.Collect$$rtentry$$00000009          0x08000142   Section        0  __rtentry2.o(.ARM.Collect$$rtentry$$00000009)
    .ARM.Collect$$rtentry$$0000000A          0x08000142   Section        4  __rtentry2.o(.ARM.Collect$$rtentry$$0000000A)
    .ARM.Collect$$rtentry$$0000000C          0x08000146   Section        0  __rtentry2.o(.ARM.Collect$$rtentry$$0000000C)
    .ARM.Collect$$rtentry$$0000000D          0x08000146   Section        8  __rtentry2.o(.ARM.Collect$$rtentry$$0000000D)
    .ARM.Collect$$rtexit$$00000000           0x0800014e   Section        2  rtexit.o(.ARM.Collect$$rtexit$$00000000)
    .ARM.Collect$$rtexit$$00000002           0x08000150   Section        0  rtexit2.o(.ARM.Collect$$rtexit$$00000002)
    .ARM.Collect$$rtexit$$00000003           0x08000150   Section        4  rtexit2.o(.ARM.Collect$$rtexit$$00000003)
    .ARM.Collect$$rtexit$$00000004           0x08000154   Section        6  rtexit2.o(.ARM.Collect$$rtexit$$00000004)
    .emb_text                                0x0800015c   Section       56  rt_memcpy.o(.emb_text)
    .emb_text                                0x08000194   Section        0  maybetermalloc1.o(.emb_text)
    .text                                    0x08000194   Section       56  startup_stm32f030x6_1.o(.text)
    .text                                    0x080001cc   Section        0  h1_alloc.o(.text)
    .text                                    0x0800022e   Section        0  h1_free.o(.text)
    .text                                    0x0800027a   Section        0  rt_memcpy.o(.text)
    .text                                    0x080002fc   Section      346  aeabi_sdiv.o(.text)
    .text                                    0x08000456   Section        0  heapauxi.o(.text)
    .text                                    0x0800045c   Section        8  rt_heap_descriptor_intlibspace.o(.text)
    .text                                    0x08000464   Section        0  hguard.o(.text)
    .text                                    0x08000468   Section        0  init_alloc.o(.text)
    .text                                    0x080004f0   Section        0  h1_init.o(.text)
    .text                                    0x08000500   Section        8  libspace.o(.text)
    .text                                    0x08000508   Section        0  h1_extend.o(.text)
    .text                                    0x0800053c   Section        0  defsig_rtmem_outer.o(.text)
    .text                                    0x08000548   Section        2  use_no_semi.o(.text)
    .text                                    0x0800054a   Section        0  indicate_semi.o(.text)
    .text                                    0x0800054a   Section       62  sys_stackheap_outer.o(.text)
    .text                                    0x08000588   Section        0  exit.o(.text)
    .text                                    0x08000598   Section        0  defsig_exit.o(.text)
    .text                                    0x080005a4   Section        0  defsig_rtmem_inner.o(.text)
    .text                                    0x080005f4   Section        0  sys_exit.o(.text)
    .text                                    0x08000600   Section        0  defsig_general.o(.text)
    .text                                    0x08000634   Section        0  sys_wrch.o(.text)
    i.Calib_brightness                       0x08000640   Section        0  main.o(i.Calib_brightness)
    i.Display_temp                           0x08000664   Section        0  main.o(i.Display_temp)
    i.EXTI4_15_IRQHandler                    0x080006b4   Section        0  main.o(i.EXTI4_15_IRQHandler)
    i.ExtiConfig                             0x080007c0   Section        0  main.o(i.ExtiConfig)
    i.GPIOConfig                             0x08000818   Section        0  main.o(i.GPIOConfig)
    i.GPIO_Config                            0x0800086c   Section        0  max7219.o(i.GPIO_Config)
    GPIO_Config                              0x0800086d   Thumb Code    46  max7219.o(i.GPIO_Config)
    i.I2C1_Config                            0x080008a0   Section        0  i2c1_f0.o(i.I2C1_Config)
    i.I2C1_Mem_Read                          0x08000994   Section        0  i2c1_f0.o(i.I2C1_Mem_Read)
    i.I2C1_Mem_Write                         0x08000aac   Section        0  i2c1_f0.o(i.I2C1_Mem_Write)
    i.I2C1_Read                              0x08000b84   Section        0  i2c1_f0.o(i.I2C1_Read)
    I2C1_Read                                0x08000b85   Thumb Code    68  i2c1_f0.o(i.I2C1_Read)
    i.I2C1_SendAdd                           0x08000bcc   Section        0  i2c1_f0.o(i.I2C1_SendAdd)
    I2C1_SendAdd                             0x08000bcd   Thumb Code    14  i2c1_f0.o(i.I2C1_SendAdd)
    i.I2C1_Start                             0x08000be0   Section        0  i2c1_f0.o(i.I2C1_Start)
    I2C1_Start                               0x08000be1   Thumb Code    16  i2c1_f0.o(i.I2C1_Start)
    i.I2C1_Stop                              0x08000bf4   Section        0  i2c1_f0.o(i.I2C1_Stop)
    I2C1_Stop                                0x08000bf5   Thumb Code    16  i2c1_f0.o(i.I2C1_Stop)
    i.I2C1_Write                             0x08000c08   Section        0  i2c1_f0.o(i.I2C1_Write)
    I2C1_Write                               0x08000c09   Thumb Code    92  i2c1_f0.o(i.I2C1_Write)
    i.Limit_time                             0x08000c68   Section        0  main.o(i.Limit_time)
    i.Set_SLEEPONEXIT                        0x08000cb4   Section        0  main.o(i.Set_SLEEPONEXIT)
    i.SysClockConfig                         0x08000cd8   Section        0  systemclock.o(i.SysClockConfig)
    i.SystemInit                             0x08000d74   Section        0  system_stm32f0xx.o(i.SystemInit)
    i.TIM14_IRQHandler                       0x08000d78   Section        0  main.o(i.TIM14_IRQHandler)
    i.TIM3_IRQHandler                        0x08000dbc   Section        0  main.o(i.TIM3_IRQHandler)
    i.Timer14Config                          0x08000f5c   Section        0  main.o(i.Timer14Config)
    i.Timer3Config                           0x08000fb8   Section        0  main.o(i.Timer3Config)
    i.__NVIC_EnableIRQ                       0x08001044   Section        0  main.o(i.__NVIC_EnableIRQ)
    __NVIC_EnableIRQ                         0x08001045   Thumb Code    26  main.o(i.__NVIC_EnableIRQ)
    i.__NVIC_SetPriority                     0x08001064   Section        0  main.o(i.__NVIC_SetPriority)
    __NVIC_SetPriority                       0x08001065   Thumb Code   110  main.o(i.__NVIC_SetPriority)
    i.bcd2dec                                0x080010dc   Section        0  main.o(i.bcd2dec)
    i.dec2bcd                                0x080010f0   Section        0  main.o(i.dec2bcd)
    i.delay                                  0x0800110e   Section        0  main.o(i.delay)
    i.display                                0x0800111c   Section        0  main.o(i.display)
    i.getTime                                0x080011b8   Section        0  main.o(i.getTime)
    i.main                                   0x080011e0   Section        0  main.o(i.main)
    i.max_clear                              0x080012d0   Section        0  max7219.o(i.max_clear)
    i.max_init                               0x0800130c   Section        0  max7219.o(i.max_init)
    i.max_set_brightness                     0x08001342   Section        0  max7219.o(i.max_set_brightness)
    i.setTime                                0x08001350   Section        0  main.o(i.setTime)
    i.write_byte                             0x08001366   Section        0  max7219.o(i.write_byte)
    i.write_data                             0x080013c0   Section        0  max7219.o(i.write_data)
    i.write_max_cmd                          0x080013f4   Section        0  max7219.o(i.write_max_cmd)
    .data                                    0x20000000   Section       43  main.o(.data)
    conv                                     0x20000026   Data           1  main.o(.data)
    blink                                    0x20000027   Data           1  main.o(.data)
    Count_state                              0x20000028   Data           2  main.o(.data)
    point                                    0x2000002a   Data           1  main.o(.data)
    .data                                    0x2000002b   Section       22  max7219.o(.data)
    .bss                                     0x20000044   Section       96  libspace.o(.bss)
    HEAP                                     0x200000a8   Section      512  startup_stm32f030x6_1.o(HEAP)
    Heap_Mem                                 0x200000a8   Data         512  startup_stm32f030x6_1.o(HEAP)
    STACK                                    0x200002a8   Section     1024  startup_stm32f030x6_1.o(STACK)
    Stack_Mem                                0x200002a8   Data        1024  startup_stm32f030x6_1.o(STACK)
    __initial_sp                             0x200006a8   Data           0  startup_stm32f030x6_1.o(STACK)

    Global Symbols

    Symbol Name                              Value     Ov Type        Size  Object(Section)

    BuildAttributes$$THM_ISAv3M$S$PE$A:L22$X:L11$S22$IEEE1$IW$USESV6$~STKCKD$USESV7$~SHL$OTIME$ROPI$EBA8$UX$STANDARDLIB$REQ8$PRES8$EABIv2 0x00000000   Number         0  anon$$obj.o ABSOLUTE
    __ARM_use_no_argv                        0x00000000   Number         0  main.o ABSOLUTE
    __ARM_exceptions_init                     - Undefined Weak Reference
    __alloca_initialize                       - Undefined Weak Reference
    __arm_fini_                               - Undefined Weak Reference
    __arm_preinit_                            - Undefined Weak Reference
    __cpp_initialize__aeabi_                  - Undefined Weak Reference
    __cxa_finalize                            - Undefined Weak Reference
    __rt_locale                               - Undefined Weak Reference
    __sigvec_lookup                           - Undefined Weak Reference
    __user_heap_extent                        - Undefined Weak Reference
    _atexit_init                              - Undefined Weak Reference
    _call_atexit_fns                          - Undefined Weak Reference
    _clock_init                               - Undefined Weak Reference
    _fp_trap_init                             - Undefined Weak Reference
    _fp_trap_shutdown                         - Undefined Weak Reference
    _get_lc_collate                           - Undefined Weak Reference
    _get_lc_ctype                             - Undefined Weak Reference
    _get_lc_monetary                          - Undefined Weak Reference
    _get_lc_numeric                           - Undefined Weak Reference
    _get_lc_time                              - Undefined Weak Reference
    _getenv_init                              - Undefined Weak Reference
    _handle_redirection                       - Undefined Weak Reference
    _initio                                   - Undefined Weak Reference
    _mutex_acquire                            - Undefined Weak Reference
    _mutex_free                               - Undefined Weak Reference
    _mutex_release                            - Undefined Weak Reference
    _rand_init                                - Undefined Weak Reference
    _signal_finish                            - Undefined Weak Reference
    _signal_init                              - Undefined Weak Reference
    _terminateio                              - Undefined Weak Reference
    __Vectors_Size                           0x000000b0   Number         0  startup_stm32f030x6_1.o ABSOLUTE
    __Vectors                                0x08000000   Data           4  startup_stm32f030x6_1.o(RESET)
    __Vectors_End                            0x080000b0   Data           0  startup_stm32f030x6_1.o(RESET)
    __main                                   0x080000b1   Thumb Code     8  __main.o(!!!main)
    __scatterload                            0x080000b9   Thumb Code     0  __scatter.o(!!!scatter)
    __scatterload_rt2                        0x080000b9   Thumb Code    52  __scatter.o(!!!scatter)
    __scatterload_rt2_thumb_only             0x080000b9   Thumb Code     0  __scatter.o(!!!scatter)
    __scatterload_null                       0x080000c9   Thumb Code     0  __scatter.o(!!!scatter)
    __scatterload_copy                       0x080000f5   Thumb Code    26  __scatter_copy.o(!!handler_copy)
    __scatterload_zeroinit                   0x08000111   Thumb Code    28  __scatter_zi.o(!!handler_zi)
    __rt_lib_init                            0x0800012d   Thumb Code     0  libinit.o(.ARM.Collect$$libinit$$00000000)
    __rt_lib_init_fp_1                       0x0800012f   Thumb Code     0  libinit2.o(.ARM.Collect$$libinit$$00000002)
    __rt_lib_init_heap_2                     0x0800012f   Thumb Code     0  libinit2.o(.ARM.Collect$$libinit$$00000005)
    __rt_lib_init_preinit_1                  0x0800012f   Thumb Code     0  libinit2.o(.ARM.Collect$$libinit$$00000004)
    __rt_lib_init_alloca_1                   0x08000137   Thumb Code     0  libinit2.o(.ARM.Collect$$libinit$$0000002E)
    __rt_lib_init_argv_1                     0x08000137   Thumb Code     0  libinit2.o(.ARM.Collect$$libinit$$0000002C)
    __rt_lib_init_atexit_1                   0x08000137   Thumb Code     0  libinit2.o(.ARM.Collect$$libinit$$0000001B)
    __rt_lib_init_clock_1                    0x08000137   Thumb Code     0  libinit2.o(.ARM.Collect$$libinit$$00000021)
    __rt_lib_init_cpp_1                      0x08000137   Thumb Code     0  libinit2.o(.ARM.Collect$$libinit$$00000032)
    __rt_lib_init_exceptions_1               0x08000137   Thumb Code     0  libinit2.o(.ARM.Collect$$libinit$$00000030)
    __rt_lib_init_fp_trap_1                  0x08000137   Thumb Code     0  libinit2.o(.ARM.Collect$$libinit$$0000001F)
    __rt_lib_init_getenv_1                   0x08000137   Thumb Code     0  libinit2.o(.ARM.Collect$$libinit$$00000023)
    __rt_lib_init_heap_1                     0x08000137   Thumb Code     0  libinit2.o(.ARM.Collect$$libinit$$0000000A)
    __rt_lib_init_lc_collate_1               0x08000137   Thumb Code     0  libinit2.o(.ARM.Collect$$libinit$$00000011)
    __rt_lib_init_lc_ctype_1                 0x08000137   Thumb Code     0  libinit2.o(.ARM.Collect$$libinit$$00000013)
    __rt_lib_init_lc_monetary_1              0x08000137   Thumb Code     0  libinit2.o(.ARM.Collect$$libinit$$00000015)
    __rt_lib_init_lc_numeric_1               0x08000137   Thumb Code     0  libinit2.o(.ARM.Collect$$libinit$$00000017)
    __rt_lib_init_lc_time_1                  0x08000137   Thumb Code     0  libinit2.o(.ARM.Collect$$libinit$$00000019)
    __rt_lib_init_rand_1                     0x08000137   Thumb Code     0  libinit2.o(.ARM.Collect$$libinit$$0000000E)
    __rt_lib_init_return                     0x08000137   Thumb Code     0  libinit2.o(.ARM.Collect$$libinit$$00000033)
    __rt_lib_init_signal_1                   0x08000137   Thumb Code     0  libinit2.o(.ARM.Collect$$libinit$$0000001D)
    __rt_lib_init_stdio_1                    0x08000137   Thumb Code     0  libinit2.o(.ARM.Collect$$libinit$$00000025)
    __rt_lib_init_user_alloc_1               0x08000137   Thumb Code     0  libinit2.o(.ARM.Collect$$libinit$$0000000C)
    __rt_lib_shutdown                        0x08000139   Thumb Code     0  libshutdown.o(.ARM.Collect$$libshutdown$$00000000)
    __rt_lib_shutdown_cpp_1                  0x0800013b   Thumb Code     0  libshutdown2.o(.ARM.Collect$$libshutdown$$00000004)
    __rt_lib_shutdown_fini_1                 0x0800013b   Thumb Code     0  libshutdown2.o(.ARM.Collect$$libshutdown$$00000002)
    __rt_lib_shutdown_fp_trap_1              0x0800013b   Thumb Code     0  libshutdown2.o(.ARM.Collect$$libshutdown$$00000009)
    __rt_lib_shutdown_heap_1                 0x0800013b   Thumb Code     0  libshutdown2.o(.ARM.Collect$$libshutdown$$00000011)
    __rt_lib_shutdown_return                 0x0800013b   Thumb Code     0  libshutdown2.o(.ARM.Collect$$libshutdown$$00000012)
    __rt_lib_shutdown_signal_1               0x0800013b   Thumb Code     0  libshutdown2.o(.ARM.Collect$$libshutdown$$0000000C)
    __rt_lib_shutdown_stdio_1                0x0800013b   Thumb Code     0  libshutdown2.o(.ARM.Collect$$libshutdown$$00000006)
    __rt_lib_shutdown_user_alloc_1           0x0800013b   Thumb Code     0  libshutdown2.o(.ARM.Collect$$libshutdown$$0000000E)
    __rt_entry                               0x0800013d   Thumb Code     0  __rtentry.o(.ARM.Collect$$rtentry$$00000000)
    __rt_entry_presh_1                       0x0800013d   Thumb Code     0  __rtentry2.o(.ARM.Collect$$rtentry$$00000002)
    __rt_entry_sh                            0x0800013d   Thumb Code     0  __rtentry4.o(.ARM.Collect$$rtentry$$00000004)
    __rt_entry_li                            0x08000143   Thumb Code     0  __rtentry2.o(.ARM.Collect$$rtentry$$0000000A)
    __rt_entry_postsh_1                      0x08000143   Thumb Code     0  __rtentry2.o(.ARM.Collect$$rtentry$$00000009)
    __rt_entry_main                          0x08000147   Thumb Code     0  __rtentry2.o(.ARM.Collect$$rtentry$$0000000D)
    __rt_entry_postli_1                      0x08000147   Thumb Code     0  __rtentry2.o(.ARM.Collect$$rtentry$$0000000C)
    __rt_exit                                0x0800014f   Thumb Code     0  rtexit.o(.ARM.Collect$$rtexit$$00000000)
    __rt_exit_ls                             0x08000151   Thumb Code     0  rtexit2.o(.ARM.Collect$$rtexit$$00000003)
    __rt_exit_prels_1                        0x08000151   Thumb Code     0  rtexit2.o(.ARM.Collect$$rtexit$$00000002)
    __rt_exit_exit                           0x08000155   Thumb Code     0  rtexit2.o(.ARM.Collect$$rtexit$$00000004)
    __aeabi_memcpy4                          0x0800015d   Thumb Code    56  rt_memcpy.o(.emb_text)
    __aeabi_memcpy8                          0x0800015d   Thumb Code     0  rt_memcpy.o(.emb_text)
    Reset_Handler                            0x08000195   Thumb Code     8  startup_stm32f030x6_1.o(.text)
    _maybe_terminate_alloc                   0x08000195   Thumb Code     0  maybetermalloc1.o(.emb_text)
    NMI_Handler                              0x0800019d   Thumb Code     2  startup_stm32f030x6_1.o(.text)
    HardFault_Handler                        0x0800019f   Thumb Code     2  startup_stm32f030x6_1.o(.text)
    SVC_Handler                              0x080001a1   Thumb Code     2  startup_stm32f030x6_1.o(.text)
    PendSV_Handler                           0x080001a3   Thumb Code     2  startup_stm32f030x6_1.o(.text)
    SysTick_Handler                          0x080001a5   Thumb Code     2  startup_stm32f030x6_1.o(.text)
    ADC1_IRQHandler                          0x080001a7   Thumb Code     0  startup_stm32f030x6_1.o(.text)
    DMA1_Channel1_IRQHandler                 0x080001a7   Thumb Code     0  startup_stm32f030x6_1.o(.text)
    DMA1_Channel2_3_IRQHandler               0x080001a7   Thumb Code     0  startup_stm32f030x6_1.o(.text)
    DMA1_Channel4_5_IRQHandler               0x080001a7   Thumb Code     0  startup_stm32f030x6_1.o(.text)
    EXTI0_1_IRQHandler                       0x080001a7   Thumb Code     0  startup_stm32f030x6_1.o(.text)
    EXTI2_3_IRQHandler                       0x080001a7   Thumb Code     0  startup_stm32f030x6_1.o(.text)
    FLASH_IRQHandler                         0x080001a7   Thumb Code     0  startup_stm32f030x6_1.o(.text)
    I2C1_IRQHandler                          0x080001a7   Thumb Code     0  startup_stm32f030x6_1.o(.text)
    RCC_IRQHandler                           0x080001a7   Thumb Code     0  startup_stm32f030x6_1.o(.text)
    RTC_IRQHandler                           0x080001a7   Thumb Code     0  startup_stm32f030x6_1.o(.text)
    SPI1_IRQHandler                          0x080001a7   Thumb Code     0  startup_stm32f030x6_1.o(.text)
    TIM16_IRQHandler                         0x080001a7   Thumb Code     0  startup_stm32f030x6_1.o(.text)
    TIM17_IRQHandler                         0x080001a7   Thumb Code     0  startup_stm32f030x6_1.o(.text)
    TIM1_BRK_UP_TRG_COM_IRQHandler           0x080001a7   Thumb Code     0  startup_stm32f030x6_1.o(.text)
    TIM1_CC_IRQHandler                       0x080001a7   Thumb Code     0  startup_stm32f030x6_1.o(.text)
    USART1_IRQHandler                        0x080001a7   Thumb Code     0  startup_stm32f030x6_1.o(.text)
    WWDG_IRQHandler                          0x080001a7   Thumb Code     0  startup_stm32f030x6_1.o(.text)
    __user_initial_stackheap                 0x080001a9   Thumb Code     0  startup_stm32f030x6_1.o(.text)
    malloc                                   0x080001cd   Thumb Code    98  h1_alloc.o(.text)
    free                                     0x0800022f   Thumb Code    76  h1_free.o(.text)
    __aeabi_memcpy                           0x0800027b   Thumb Code   130  rt_memcpy.o(.text)
    __rt_memcpy                              0x0800027b   Thumb Code     0  rt_memcpy.o(.text)
    __aeabi_uidiv                            0x080002fd   Thumb Code     0  aeabi_sdiv.o(.text)
    __aeabi_uidivmod                         0x080002fd   Thumb Code    20  aeabi_sdiv.o(.text)
    __aeabi_idiv                             0x08000311   Thumb Code     0  aeabi_sdiv.o(.text)
    __aeabi_idivmod                          0x08000311   Thumb Code   326  aeabi_sdiv.o(.text)
    __use_two_region_memory                  0x08000457   Thumb Code     2  heapauxi.o(.text)
    __rt_heap_escrow                         0x08000459   Thumb Code     2  heapauxi.o(.text)
    __rt_heap_expand                         0x0800045b   Thumb Code     2  heapauxi.o(.text)
    __rt_heap_descriptor                     0x0800045d   Thumb Code     8  rt_heap_descriptor_intlibspace.o(.text)
    __use_no_heap                            0x08000465   Thumb Code     2  hguard.o(.text)
    __heap$guard                             0x08000467   Thumb Code     2  hguard.o(.text)
    _terminate_user_alloc                    0x08000469   Thumb Code     2  init_alloc.o(.text)
    _init_user_alloc                         0x0800046b   Thumb Code     2  init_alloc.o(.text)
    __Heap_Full                              0x0800046d   Thumb Code    32  init_alloc.o(.text)
    __Heap_Broken                            0x0800048d   Thumb Code    10  init_alloc.o(.text)
    _init_alloc                              0x08000497   Thumb Code    90  init_alloc.o(.text)
    __Heap_Initialize                        0x080004f1   Thumb Code    10  h1_init.o(.text)
    __Heap_DescSize                          0x080004fb   Thumb Code     4  h1_init.o(.text)
    __user_libspace                          0x08000501   Thumb Code     8  libspace.o(.text)
    __user_perproc_libspace                  0x08000501   Thumb Code     0  libspace.o(.text)
    __user_perthread_libspace                0x08000501   Thumb Code     0  libspace.o(.text)
    __Heap_ProvideMemory                     0x08000509   Thumb Code    52  h1_extend.o(.text)
    __rt_SIGRTMEM                            0x0800053d   Thumb Code    12  defsig_rtmem_outer.o(.text)
    __I$use$semihosting                      0x08000549   Thumb Code     0  use_no_semi.o(.text)
    __use_no_semihosting_swi                 0x08000549   Thumb Code     2  use_no_semi.o(.text)
    __semihosting_library_function           0x0800054b   Thumb Code     0  indicate_semi.o(.text)
    __user_setup_stackheap                   0x0800054b   Thumb Code    62  sys_stackheap_outer.o(.text)
    exit                                     0x08000589   Thumb Code    16  exit.o(.text)
    __sig_exit                               0x08000599   Thumb Code    12  defsig_exit.o(.text)
    __rt_SIGRTMEM_inner                      0x080005a5   Thumb Code    22  defsig_rtmem_inner.o(.text)
    _sys_exit                                0x080005f5   Thumb Code     8  sys_exit.o(.text)
    __default_signal_display                 0x08000601   Thumb Code    52  defsig_general.o(.text)
    _ttywrch                                 0x08000635   Thumb Code    12  sys_wrch.o(.text)
    Calib_brightness                         0x08000641   Thumb Code    34  main.o(i.Calib_brightness)
    Display_temp                             0x08000665   Thumb Code    76  main.o(i.Display_temp)
    EXTI4_15_IRQHandler                      0x080006b5   Thumb Code   234  main.o(i.EXTI4_15_IRQHandler)
    ExtiConfig                               0x080007c1   Thumb Code    74  main.o(i.ExtiConfig)
    GPIOConfig                               0x08000819   Thumb Code    78  main.o(i.GPIOConfig)
    I2C1_Config                              0x080008a1   Thumb Code   232  i2c1_f0.o(i.I2C1_Config)
    I2C1_Mem_Read                            0x08000995   Thumb Code   274  i2c1_f0.o(i.I2C1_Mem_Read)
    I2C1_Mem_Write                           0x08000aad   Thumb Code   210  i2c1_f0.o(i.I2C1_Mem_Write)
    Limit_time                               0x08000c69   Thumb Code    76  main.o(i.Limit_time)
    Set_SLEEPONEXIT                          0x08000cb5   Thumb Code    30  main.o(i.Set_SLEEPONEXIT)
    SysClockConfig                           0x08000cd9   Thumb Code   146  systemclock.o(i.SysClockConfig)
    SystemInit                               0x08000d75   Thumb Code     2  system_stm32f0xx.o(i.SystemInit)
    TIM14_IRQHandler                         0x08000d79   Thumb Code    58  main.o(i.TIM14_IRQHandler)
    TIM3_IRQHandler                          0x08000dbd   Thumb Code   380  main.o(i.TIM3_IRQHandler)
    Timer14Config                            0x08000f5d   Thumb Code    80  main.o(i.Timer14Config)
    Timer3Config                             0x08000fb9   Thumb Code   126  main.o(i.Timer3Config)
    bcd2dec                                  0x080010dd   Thumb Code    20  main.o(i.bcd2dec)
    dec2bcd                                  0x080010f1   Thumb Code    30  main.o(i.dec2bcd)
    delay                                    0x0800110f   Thumb Code    12  main.o(i.delay)
    display                                  0x0800111d   Thumb Code   142  main.o(i.display)
    getTime                                  0x080011b9   Thumb Code    40  main.o(i.getTime)
    main                                     0x080011e1   Thumb Code   212  main.o(i.main)
    max_clear                                0x080012d1   Thumb Code    60  max7219.o(i.max_clear)
    max_init                                 0x0800130d   Thumb Code    54  max7219.o(i.max_init)
    max_set_brightness                       0x08001343   Thumb Code    14  max7219.o(i.max_set_brightness)
    setTime                                  0x08001351   Thumb Code    22  main.o(i.setTime)
    write_byte                               0x08001367   Thumb Code    90  max7219.o(i.write_byte)
    write_data                               0x080013c1   Thumb Code    52  max7219.o(i.write_data)
    write_max_cmd                            0x080013f5   Thumb Code    52  max7219.o(i.write_max_cmd)
    Region$$Table$$Base                      0x08001428   Number         0  anon$$obj.o(Region$$Table)
    Region$$Table$$Limit                     0x08001448   Number         0  anon$$obj.o(Region$$Table)
    Time_Global                              0x20000000   Data           5  main.o(.data)
    State                                    0x20000005   Data           1  main.o(.data)
    Time_Buff                                0x20000006   Data           5  main.o(.data)
    time_count                               0x2000000c   Data           2  main.o(.data)
    control                                  0x20000010   Data           8  main.o(.data)
    tptr                                     0x20000018   Data           4  main.o(.data)
    count                                    0x2000001c   Data           4  main.o(.data)
    dataW                                    0x20000020   Data           3  main.o(.data)
    dataR                                    0x20000023   Data           3  main.o(.data)
    Led_code                                 0x2000002b   Data          11  max7219.o(.data)
    Led_codeI                                0x20000036   Data          11  max7219.o(.data)
    __libspace_start                         0x20000044   Data          96  libspace.o(.bss)
    __temporary_stack_top$libspace           0x200000a4   Data           0  libspace.o(.bss)



==============================================================================

Memory Map of the image

  Image Entry point : 0x08000195

  Load Region LR_1 (Base: 0x08000000, Size: 0x0000148c, Max: 0xffffffff, ABSOLUTE)

    Execution Region ER_RO (Exec base: 0x08000000, Load base: 0x08000000, Size: 0x00001448, Max: 0xffffffff, ABSOLUTE)

    Exec Addr    Load Addr    Size         Type   Attr      Idx    E Section Name        Object

    0x08000000   0x08000000   0x000000b0   Data   RO          336    RESET               startup_stm32f030x6_1.o
    0x080000b0   0x080000b0   0x00000008   Code   RO          451  * !!!main             c_p.l(__main.o)
    0x080000b8   0x080000b8   0x0000003c   Code   RO          666    !!!scatter          c_p.l(__scatter.o)
    0x080000f4   0x080000f4   0x0000001a   Code   RO          668    !!handler_copy      c_p.l(__scatter_copy.o)
    0x0800010e   0x0800010e   0x00000002   PAD
    0x08000110   0x08000110   0x0000001c   Code   RO          670    !!handler_zi        c_p.l(__scatter_zi.o)
    0x0800012c   0x0800012c   0x00000002   Code   RO          602    .ARM.Collect$$libinit$$00000000  c_p.l(libinit.o)
    0x0800012e   0x0800012e   0x00000000   Code   RO          488    .ARM.Collect$$libinit$$00000002  c_p.l(libinit2.o)
    0x0800012e   0x0800012e   0x00000000   Code   RO          490    .ARM.Collect$$libinit$$00000004  c_p.l(libinit2.o)
    0x0800012e   0x0800012e   0x00000008   Code   RO          491    .ARM.Collect$$libinit$$00000005  c_p.l(libinit2.o)
    0x08000136   0x08000136   0x00000000   Code   RO          493    .ARM.Collect$$libinit$$0000000A  c_p.l(libinit2.o)
    0x08000136   0x08000136   0x00000000   Code   RO          495    .ARM.Collect$$libinit$$0000000C  c_p.l(libinit2.o)
    0x08000136   0x08000136   0x00000000   Code   RO          497    .ARM.Collect$$libinit$$0000000E  c_p.l(libinit2.o)
    0x08000136   0x08000136   0x00000000   Code   RO          500    .ARM.Collect$$libinit$$00000011  c_p.l(libinit2.o)
    0x08000136   0x08000136   0x00000000   Code   RO          502    .ARM.Collect$$libinit$$00000013  c_p.l(libinit2.o)
    0x08000136   0x08000136   0x00000000   Code   RO          504    .ARM.Collect$$libinit$$00000015  c_p.l(libinit2.o)
    0x08000136   0x08000136   0x00000000   Code   RO          506    .ARM.Collect$$libinit$$00000017  c_p.l(libinit2.o)
    0x08000136   0x08000136   0x00000000   Code   RO          508    .ARM.Collect$$libinit$$00000019  c_p.l(libinit2.o)
    0x08000136   0x08000136   0x00000000   Code   RO          510    .ARM.Collect$$libinit$$0000001B  c_p.l(libinit2.o)
    0x08000136   0x08000136   0x00000000   Code   RO          512    .ARM.Collect$$libinit$$0000001D  c_p.l(libinit2.o)
    0x08000136   0x08000136   0x00000000   Code   RO          514    .ARM.Collect$$libinit$$0000001F  c_p.l(libinit2.o)
    0x08000136   0x08000136   0x00000000   Code   RO          516    .ARM.Collect$$libinit$$00000021  c_p.l(libinit2.o)
    0x08000136   0x08000136   0x00000000   Code   RO          518    .ARM.Collect$$libinit$$00000023  c_p.l(libinit2.o)
    0x08000136   0x08000136   0x00000000   Code   RO          520    .ARM.Collect$$libinit$$00000025  c_p.l(libinit2.o)
    0x08000136   0x08000136   0x00000000   Code   RO          524    .ARM.Collect$$libinit$$0000002C  c_p.l(libinit2.o)
    0x08000136   0x08000136   0x00000000   Code   RO          526    .ARM.Collect$$libinit$$0000002E  c_p.l(libinit2.o)
    0x08000136   0x08000136   0x00000000   Code   RO          528    .ARM.Collect$$libinit$$00000030  c_p.l(libinit2.o)
    0x08000136   0x08000136   0x00000000   Code   RO          530    .ARM.Collect$$libinit$$00000032  c_p.l(libinit2.o)
    0x08000136   0x08000136   0x00000002   Code   RO          531    .ARM.Collect$$libinit$$00000033  c_p.l(libinit2.o)
    0x08000138   0x08000138   0x00000002   Code   RO          663    .ARM.Collect$$libshutdown$$00000000  c_p.l(libshutdown.o)
    0x0800013a   0x0800013a   0x00000000   Code   RO          619    .ARM.Collect$$libshutdown$$00000002  c_p.l(libshutdown2.o)
    0x0800013a   0x0800013a   0x00000000   Code   RO          621    .ARM.Collect$$libshutdown$$00000004  c_p.l(libshutdown2.o)
    0x0800013a   0x0800013a   0x00000000   Code   RO          623    .ARM.Collect$$libshutdown$$00000006  c_p.l(libshutdown2.o)
    0x0800013a   0x0800013a   0x00000000   Code   RO          626    .ARM.Collect$$libshutdown$$00000009  c_p.l(libshutdown2.o)
    0x0800013a   0x0800013a   0x00000000   Code   RO          629    .ARM.Collect$$libshutdown$$0000000C  c_p.l(libshutdown2.o)
    0x0800013a   0x0800013a   0x00000000   Code   RO          631    .ARM.Collect$$libshutdown$$0000000E  c_p.l(libshutdown2.o)
    0x0800013a   0x0800013a   0x00000000   Code   RO          634    .ARM.Collect$$libshutdown$$00000011  c_p.l(libshutdown2.o)
    0x0800013a   0x0800013a   0x00000002   Code   RO          635    .ARM.Collect$$libshutdown$$00000012  c_p.l(libshutdown2.o)
    0x0800013c   0x0800013c   0x00000000   Code   RO          455    .ARM.Collect$$rtentry$$00000000  c_p.l(__rtentry.o)
    0x0800013c   0x0800013c   0x00000000   Code   RO          538    .ARM.Collect$$rtentry$$00000002  c_p.l(__rtentry2.o)
    0x0800013c   0x0800013c   0x00000006   Code   RO          550    .ARM.Collect$$rtentry$$00000004  c_p.l(__rtentry4.o)
    0x08000142   0x08000142   0x00000000   Code   RO          540    .ARM.Collect$$rtentry$$00000009  c_p.l(__rtentry2.o)
    0x08000142   0x08000142   0x00000004   Code   RO          541    .ARM.Collect$$rtentry$$0000000A  c_p.l(__rtentry2.o)
    0x08000146   0x08000146   0x00000000   Code   RO          543    .ARM.Collect$$rtentry$$0000000C  c_p.l(__rtentry2.o)
    0x08000146   0x08000146   0x00000008   Code   RO          544    .ARM.Collect$$rtentry$$0000000D  c_p.l(__rtentry2.o)
    0x0800014e   0x0800014e   0x00000002   Code   RO          606    .ARM.Collect$$rtexit$$00000000  c_p.l(rtexit.o)
    0x08000150   0x08000150   0x00000000   Code   RO          639    .ARM.Collect$$rtexit$$00000002  c_p.l(rtexit2.o)
    0x08000150   0x08000150   0x00000004   Code   RO          640    .ARM.Collect$$rtexit$$00000003  c_p.l(rtexit2.o)
    0x08000154   0x08000154   0x00000006   Code   RO          641    .ARM.Collect$$rtexit$$00000004  c_p.l(rtexit2.o)
    0x0800015a   0x0800015a   0x00000002   PAD
    0x0800015c   0x0800015c   0x00000038   Code   RO          441    .emb_text           c_p.l(rt_memcpy.o)
    0x08000194   0x08000194   0x00000000   Code   RO          556    .emb_text           c_p.l(maybetermalloc1.o)
    0x08000194   0x08000194   0x00000038   Code   RO          337  * .text               startup_stm32f030x6_1.o
    0x080001cc   0x080001cc   0x00000062   Code   RO          383    .text               c_p.l(h1_alloc.o)
    0x0800022e   0x0800022e   0x0000004c   Code   RO          385    .text               c_p.l(h1_free.o)
    0x0800027a   0x0800027a   0x00000082   Code   RO          442    .text               c_p.l(rt_memcpy.o)
    0x080002fc   0x080002fc   0x0000015a   Code   RO          445    .text               c_p.l(aeabi_sdiv.o)
    0x08000456   0x08000456   0x00000006   Code   RO          449    .text               c_p.l(heapauxi.o)
    0x0800045c   0x0800045c   0x00000008   Code   RO          463    .text               c_p.l(rt_heap_descriptor_intlibspace.o)
    0x08000464   0x08000464   0x00000004   Code   RO          465    .text               c_p.l(hguard.o)
    0x08000468   0x08000468   0x00000088   Code   RO          467    .text               c_p.l(init_alloc.o)
    0x080004f0   0x080004f0   0x0000000e   Code   RO          471    .text               c_p.l(h1_init.o)
    0x080004fe   0x080004fe   0x00000002   PAD
    0x08000500   0x08000500   0x00000008   Code   RO          534    .text               c_p.l(libspace.o)
    0x08000508   0x08000508   0x00000034   Code   RO          558    .text               c_p.l(h1_extend.o)
    0x0800053c   0x0800053c   0x0000000c   Code   RO          562    .text               c_p.l(defsig_rtmem_outer.o)
    0x08000548   0x08000548   0x00000002   Code   RO          573    .text               c_p.l(use_no_semi.o)
    0x0800054a   0x0800054a   0x00000000   Code   RO          575    .text               c_p.l(indicate_semi.o)
    0x0800054a   0x0800054a   0x0000003e   Code   RO          576    .text               c_p.l(sys_stackheap_outer.o)
    0x08000588   0x08000588   0x00000010   Code   RO          583    .text               c_p.l(exit.o)
    0x08000598   0x08000598   0x0000000c   Code   RO          585    .text               c_p.l(defsig_exit.o)
    0x080005a4   0x080005a4   0x00000050   Code   RO          591    .text               c_p.l(defsig_rtmem_inner.o)
    0x080005f4   0x080005f4   0x0000000c   Code   RO          603    .text               c_p.l(sys_exit.o)
    0x08000600   0x08000600   0x00000034   Code   RO          614    .text               c_p.l(defsig_general.o)
    0x08000634   0x08000634   0x0000000c   Code   RO          636    .text               c_p.l(sys_wrch.o)
    0x08000640   0x08000640   0x00000022   Code   RO            3    i.Calib_brightness  main.o
    0x08000662   0x08000662   0x00000002   PAD
    0x08000664   0x08000664   0x00000050   Code   RO            4    i.Display_temp      main.o
    0x080006b4   0x080006b4   0x0000010c   Code   RO            5    i.EXTI4_15_IRQHandler  main.o
    0x080007c0   0x080007c0   0x00000058   Code   RO            6    i.ExtiConfig        main.o
    0x08000818   0x08000818   0x00000054   Code   RO            7    i.GPIOConfig        main.o
    0x0800086c   0x0800086c   0x00000034   Code   RO          278    i.GPIO_Config       max7219.o
    0x080008a0   0x080008a0   0x000000f4   Code   RO          209    i.I2C1_Config       i2c1_f0.o
    0x08000994   0x08000994   0x00000118   Code   RO          210    i.I2C1_Mem_Read     i2c1_f0.o
    0x08000aac   0x08000aac   0x000000d8   Code   RO          211    i.I2C1_Mem_Write    i2c1_f0.o
    0x08000b84   0x08000b84   0x00000048   Code   RO          212    i.I2C1_Read         i2c1_f0.o
    0x08000bcc   0x08000bcc   0x00000014   Code   RO          214    i.I2C1_SendAdd      i2c1_f0.o
    0x08000be0   0x08000be0   0x00000014   Code   RO          215    i.I2C1_Start        i2c1_f0.o
    0x08000bf4   0x08000bf4   0x00000014   Code   RO          216    i.I2C1_Stop         i2c1_f0.o
    0x08000c08   0x08000c08   0x00000060   Code   RO          218    i.I2C1_Write        i2c1_f0.o
    0x08000c68   0x08000c68   0x0000004c   Code   RO            8    i.Limit_time        main.o
    0x08000cb4   0x08000cb4   0x00000024   Code   RO            9    i.Set_SLEEPONEXIT   main.o
    0x08000cd8   0x08000cd8   0x0000009c   Code   RO          186    i.SysClockConfig    systemclock.o
    0x08000d74   0x08000d74   0x00000002   Code   RO          344    i.SystemInit        system_stm32f0xx.o
    0x08000d76   0x08000d76   0x00000002   PAD
    0x08000d78   0x08000d78   0x00000044   Code   RO           10    i.TIM14_IRQHandler  main.o
    0x08000dbc   0x08000dbc   0x000001a0   Code   RO           11    i.TIM3_IRQHandler   main.o
    0x08000f5c   0x08000f5c   0x0000005c   Code   RO           12    i.Timer14Config     main.o
    0x08000fb8   0x08000fb8   0x0000008c   Code   RO           13    i.Timer3Config      main.o
    0x08001044   0x08001044   0x00000020   Code   RO           14    i.__NVIC_EnableIRQ  main.o
    0x08001064   0x08001064   0x00000078   Code   RO           15    i.__NVIC_SetPriority  main.o
    0x080010dc   0x080010dc   0x00000014   Code   RO           16    i.bcd2dec           main.o
    0x080010f0   0x080010f0   0x0000001e   Code   RO           17    i.dec2bcd           main.o
    0x0800110e   0x0800110e   0x0000000c   Code   RO           18    i.delay             main.o
    0x0800111a   0x0800111a   0x00000002   PAD
    0x0800111c   0x0800111c   0x0000009c   Code   RO           19    i.display           main.o
    0x080011b8   0x080011b8   0x00000028   Code   RO           20    i.getTime           main.o
    0x080011e0   0x080011e0   0x000000f0   Code   RO           21    i.main              main.o
    0x080012d0   0x080012d0   0x0000003c   Code   RO          279    i.max_clear         max7219.o
    0x0800130c   0x0800130c   0x00000036   Code   RO          280    i.max_init          max7219.o
    0x08001342   0x08001342   0x0000000e   Code   RO          281    i.max_set_brightness  max7219.o
    0x08001350   0x08001350   0x00000016   Code   RO           22    i.setTime           main.o
    0x08001366   0x08001366   0x0000005a   Code   RO          282    i.write_byte        max7219.o
    0x080013c0   0x080013c0   0x00000034   Code   RO          283    i.write_data        max7219.o
    0x080013f4   0x080013f4   0x00000034   Code   RO          284    i.write_max_cmd     max7219.o
    0x08001428   0x08001428   0x00000020   Data   RO          664    Region$$Table       anon$$obj.o


    Execution Region ER_RW (Exec base: 0x20000000, Load base: 0x08001448, Size: 0x00000044, Max: 0xffffffff, ABSOLUTE)

    Exec Addr    Load Addr    Size         Type   Attr      Idx    E Section Name        Object

    0x20000000   0x08001448   0x0000002b   Data   RW           23    .data               main.o
    0x2000002b   0x08001473   0x00000016   Data   RW          285    .data               max7219.o


    Execution Region ER_ZI (Exec base: 0x20000044, Load base: 0x0800148c, Size: 0x00000664, Max: 0xffffffff, ABSOLUTE)

    Exec Addr    Load Addr    Size         Type   Attr      Idx    E Section Name        Object

    0x20000044        -       0x00000060   Zero   RW          535    .bss                c_p.l(libspace.o)
    0x200000a4   0x0800148c   0x00000004   PAD
    0x200000a8        -       0x00000200   Zero   RW          335    HEAP                startup_stm32f030x6_1.o
    0x200002a8        -       0x00000400   Zero   RW          334    STACK               startup_stm32f030x6_1.o


==============================================================================

Image component sizes


      Code (inc. data)   RO Data    RW Data    ZI Data      Debug   Object Name

       968         46          0          0          0       4211   i2c1_f0.o
      2054        194          0         43          0     195079   main.o
       374          6          0         22          0       3599   max7219.o
        56         26        176          0       1536        632   startup_stm32f030x6_1.o
         2          0          0          0          0        425   system_stm32f0xx.o
       156         10          0          0          0        437   systemclock.o

    ----------------------------------------------------------------------
      3616        282        208         68       1536     204383   Object Totals
         0          0         32          0          0          0   (incl. Generated)
         6          0          0          3          0          0   (incl. Padding)

    ----------------------------------------------------------------------

      Code (inc. data)   RO Data    RW Data    ZI Data      Debug   Library Member Name

         8          0          0          0          0         68   __main.o
         0          0          0          0          0          0   __rtentry.o
        12          0          0          0          0          0   __rtentry2.o
         6          0          0          0          0          0   __rtentry4.o
        60          8          0          0          0          0   __scatter.o
        26          0          0          0          0          0   __scatter_copy.o
        28          0          0          0          0          0   __scatter_zi.o
       346          0          0          0          0         92   aeabi_sdiv.o
        12          0          0          0          0         68   defsig_exit.o
        52          0          0          0          0         72   defsig_general.o
        80         58          0          0          0         68   defsig_rtmem_inner.o
        12          0          0          0          0         68   defsig_rtmem_outer.o
        16          0          0          0          0         68   exit.o
        98          0          0          0          0         72   h1_alloc.o
        52          0          0          0          0         68   h1_extend.o
        76          0          0          0          0         72   h1_free.o
        14          0          0          0          0         76   h1_init.o
         6          0          0          0          0        136   heapauxi.o
         4          0          0          0          0        120   hguard.o
         0          0          0          0          0          0   indicate_semi.o
       136          0          0          0          0        160   init_alloc.o
         2          0          0          0          0          0   libinit.o
        10          0          0          0          0          0   libinit2.o
         2          0          0          0          0          0   libshutdown.o
         2          0          0          0          0          0   libshutdown2.o
         8          4          0          0         96         68   libspace.o
         0          0          0          0          0          0   maybetermalloc1.o
         8          4          0          0          0         68   rt_heap_descriptor_intlibspace.o
       186          0          0          0          0        144   rt_memcpy.o
         2          0          0          0          0          0   rtexit.o
        10          0          0          0          0          0   rtexit2.o
        12          4          0          0          0         60   sys_exit.o
        62          0          0          0          0         80   sys_stackheap_outer.o
        12          0          0          0          0         68   sys_wrch.o
         2          0          0          0          0         68   use_no_semi.o

    ----------------------------------------------------------------------
      1368         78          0          0        100       1764   Library Totals
         6          0          0          0          4          0   (incl. Padding)

    ----------------------------------------------------------------------

      Code (inc. data)   RO Data    RW Data    ZI Data      Debug   Library Name

      1362         78          0          0         96       1764   c_p.l

    ----------------------------------------------------------------------
      1368         78          0          0        100       1764   Library Totals

    ----------------------------------------------------------------------

==============================================================================


      Code (inc. data)   RO Data    RW Data    ZI Data      Debug   

      4984        360        208         68       1636     203831   Grand Totals
      4984        360        208         68       1636     203831   ELF Image Totals
      4984        360        208         68          0          0   ROM Totals

==============================================================================

    Total RO  Size (Code + RO Data)                 5192 (   5.07kB)
    Total RW  Size (RW Data + ZI Data)              1704 (   1.66kB)
    Total ROM Size (Code + RO Data + RW Data)       5260 (   5.14kB)

==============================================================================

